MPLINK 4.49, Linker
Linker Map File - Created Wed Mar 15 17:34:21 2023

                                 Section Info
                  Section       Type    Address   Location Size(Bytes)
                ---------  ---------  ---------  ---------  ---------
                   .org_0       code   0x000000    program   0x0007c4
                   .cinit    romdata   0x0003e2    program   0x000004
.config_2007_BRAD DE CRACIUN V1.O       code   0x002007    program   0x000002



                              Program Memory Usage 
                               Start         End      
                           ---------   ---------      
                            0x000000    0x0003e3      
                            0x002007    0x002007      
            997 out of 1158 program addresses used, program memory utilization is 86%



                              Symbols - Sorted by Name
                     Name    Address   Location    Storage File                     
                ---------  ---------  ---------  --------- ---------                
             Bucla_random   0x000078    program     static C:\Users\mihai\OneDrive\Documente\####Proiecte finalizate\Brad de craciun\Cod\Cod versiunea 1\Brad de Craciun v1.asm
    DEC_BRIGHTNESS_led_01   0x000143    program     static C:\Users\mihai\OneDrive\Documente\####Proiecte finalizate\Brad de craciun\Cod\Cod versiunea 1\Brad de Craciun v1.asm
    DEC_BRIGHTNESS_led_02   0x000163    program     static C:\Users\mihai\OneDrive\Documente\####Proiecte finalizate\Brad de craciun\Cod\Cod versiunea 1\Brad de Craciun v1.asm
    DEC_BRIGHTNESS_led_03   0x000183    program     static C:\Users\mihai\OneDrive\Documente\####Proiecte finalizate\Brad de craciun\Cod\Cod versiunea 1\Brad de Craciun v1.asm
    DEC_BRIGHTNESS_led_04   0x0001a3    program     static C:\Users\mihai\OneDrive\Documente\####Proiecte finalizate\Brad de craciun\Cod\Cod versiunea 1\Brad de Craciun v1.asm
    DEC_BRIGHTNESS_led_05   0x0001c3    program     static C:\Users\mihai\OneDrive\Documente\####Proiecte finalizate\Brad de craciun\Cod\Cod versiunea 1\Brad de Craciun v1.asm
    DEC_BRIGHTNESS_led_06   0x0001e3    program     static C:\Users\mihai\OneDrive\Documente\####Proiecte finalizate\Brad de craciun\Cod\Cod versiunea 1\Brad de Craciun v1.asm
    DEC_BRIGHTNESS_led_07   0x000203    program     static C:\Users\mihai\OneDrive\Documente\####Proiecte finalizate\Brad de craciun\Cod\Cod versiunea 1\Brad de Craciun v1.asm
    DEC_BRIGHTNESS_led_08   0x000223    program     static C:\Users\mihai\OneDrive\Documente\####Proiecte finalizate\Brad de craciun\Cod\Cod versiunea 1\Brad de Craciun v1.asm
    DEC_BRIGHTNESS_led_09   0x000243    program     static C:\Users\mihai\OneDrive\Documente\####Proiecte finalizate\Brad de craciun\Cod\Cod versiunea 1\Brad de Craciun v1.asm
    DEC_BRIGHTNESS_led_10   0x000263    program     static C:\Users\mihai\OneDrive\Documente\####Proiecte finalizate\Brad de craciun\Cod\Cod versiunea 1\Brad de Craciun v1.asm
    DEC_BRIGHTNESS_led_11   0x000283    program     static C:\Users\mihai\OneDrive\Documente\####Proiecte finalizate\Brad de craciun\Cod\Cod versiunea 1\Brad de Craciun v1.asm
    DEC_BRIGHTNESS_led_12   0x0002a3    program     static C:\Users\mihai\OneDrive\Documente\####Proiecte finalizate\Brad de craciun\Cod\Cod versiunea 1\Brad de Craciun v1.asm
    DEC_BRIGHTNESS_led_13   0x0002c3    program     static C:\Users\mihai\OneDrive\Documente\####Proiecte finalizate\Brad de craciun\Cod\Cod versiunea 1\Brad de Craciun v1.asm
    DEC_BRIGHTNESS_led_14   0x0002e3    program     static C:\Users\mihai\OneDrive\Documente\####Proiecte finalizate\Brad de craciun\Cod\Cod versiunea 1\Brad de Craciun v1.asm
    DEC_BRIGHTNESS_led_15   0x000303    program     static C:\Users\mihai\OneDrive\Documente\####Proiecte finalizate\Brad de craciun\Cod\Cod versiunea 1\Brad de Craciun v1.asm
    DEC_BRIGHTNESS_led_16   0x000323    program     static C:\Users\mihai\OneDrive\Documente\####Proiecte finalizate\Brad de craciun\Cod\Cod versiunea 1\Brad de Craciun v1.asm
    DEC_BRIGHTNESS_led_17   0x000343    program     static C:\Users\mihai\OneDrive\Documente\####Proiecte finalizate\Brad de craciun\Cod\Cod versiunea 1\Brad de Craciun v1.asm
    DEC_BRIGHTNESS_led_18   0x000363    program     static C:\Users\mihai\OneDrive\Documente\####Proiecte finalizate\Brad de craciun\Cod\Cod versiunea 1\Brad de Craciun v1.asm
    DEC_BRIGHTNESS_led_19   0x000383    program     static C:\Users\mihai\OneDrive\Documente\####Proiecte finalizate\Brad de craciun\Cod\Cod versiunea 1\Brad de Craciun v1.asm
    DEC_BRIGHTNESS_led_20   0x0003a3    program     static C:\Users\mihai\OneDrive\Documente\####Proiecte finalizate\Brad de craciun\Cod\Cod versiunea 1\Brad de Craciun v1.asm
        DELAY_LOOP_led_01   0x000150    program     static C:\Users\mihai\OneDrive\Documente\####Proiecte finalizate\Brad de craciun\Cod\Cod versiunea 1\Brad de Craciun v1.asm
        DELAY_LOOP_led_02   0x000170    program     static C:\Users\mihai\OneDrive\Documente\####Proiecte finalizate\Brad de craciun\Cod\Cod versiunea 1\Brad de Craciun v1.asm
        DELAY_LOOP_led_03   0x000190    program     static C:\Users\mihai\OneDrive\Documente\####Proiecte finalizate\Brad de craciun\Cod\Cod versiunea 1\Brad de Craciun v1.asm
        DELAY_LOOP_led_04   0x0001b0    program     static C:\Users\mihai\OneDrive\Documente\####Proiecte finalizate\Brad de craciun\Cod\Cod versiunea 1\Brad de Craciun v1.asm
        DELAY_LOOP_led_05   0x0001d0    program     static C:\Users\mihai\OneDrive\Documente\####Proiecte finalizate\Brad de craciun\Cod\Cod versiunea 1\Brad de Craciun v1.asm
        DELAY_LOOP_led_06   0x0001f0    program     static C:\Users\mihai\OneDrive\Documente\####Proiecte finalizate\Brad de craciun\Cod\Cod versiunea 1\Brad de Craciun v1.asm
        DELAY_LOOP_led_07   0x000210    program     static C:\Users\mihai\OneDrive\Documente\####Proiecte finalizate\Brad de craciun\Cod\Cod versiunea 1\Brad de Craciun v1.asm
        DELAY_LOOP_led_08   0x000230    program     static C:\Users\mihai\OneDrive\Documente\####Proiecte finalizate\Brad de craciun\Cod\Cod versiunea 1\Brad de Craciun v1.asm
        DELAY_LOOP_led_09   0x000250    program     static C:\Users\mihai\OneDrive\Documente\####Proiecte finalizate\Brad de craciun\Cod\Cod versiunea 1\Brad de Craciun v1.asm
        DELAY_LOOP_led_10   0x000270    program     static C:\Users\mihai\OneDrive\Documente\####Proiecte finalizate\Brad de craciun\Cod\Cod versiunea 1\Brad de Craciun v1.asm
        DELAY_LOOP_led_11   0x000290    program     static C:\Users\mihai\OneDrive\Documente\####Proiecte finalizate\Brad de craciun\Cod\Cod versiunea 1\Brad de Craciun v1.asm
        DELAY_LOOP_led_12   0x0002b0    program     static C:\Users\mihai\OneDrive\Documente\####Proiecte finalizate\Brad de craciun\Cod\Cod versiunea 1\Brad de Craciun v1.asm
        DELAY_LOOP_led_13   0x0002d0    program     static C:\Users\mihai\OneDrive\Documente\####Proiecte finalizate\Brad de craciun\Cod\Cod versiunea 1\Brad de Craciun v1.asm
        DELAY_LOOP_led_14   0x0002f0    program     static C:\Users\mihai\OneDrive\Documente\####Proiecte finalizate\Brad de craciun\Cod\Cod versiunea 1\Brad de Craciun v1.asm
        DELAY_LOOP_led_15   0x000310    program     static C:\Users\mihai\OneDrive\Documente\####Proiecte finalizate\Brad de craciun\Cod\Cod versiunea 1\Brad de Craciun v1.asm
        DELAY_LOOP_led_16   0x000330    program     static C:\Users\mihai\OneDrive\Documente\####Proiecte finalizate\Brad de craciun\Cod\Cod versiunea 1\Brad de Craciun v1.asm
        DELAY_LOOP_led_17   0x000350    program     static C:\Users\mihai\OneDrive\Documente\####Proiecte finalizate\Brad de craciun\Cod\Cod versiunea 1\Brad de Craciun v1.asm
        DELAY_LOOP_led_18   0x000370    program     static C:\Users\mihai\OneDrive\Documente\####Proiecte finalizate\Brad de craciun\Cod\Cod versiunea 1\Brad de Craciun v1.asm
        DELAY_LOOP_led_19   0x000390    program     static C:\Users\mihai\OneDrive\Documente\####Proiecte finalizate\Brad de craciun\Cod\Cod versiunea 1\Brad de Craciun v1.asm
        DELAY_LOOP_led_20   0x0003b0    program     static C:\Users\mihai\OneDrive\Documente\####Proiecte finalizate\Brad de craciun\Cod\Cod versiunea 1\Brad de Craciun v1.asm
             DELAY_led_01   0x00014e    program     static C:\Users\mihai\OneDrive\Documente\####Proiecte finalizate\Brad de craciun\Cod\Cod versiunea 1\Brad de Craciun v1.asm
             DELAY_led_02   0x00016e    program     static C:\Users\mihai\OneDrive\Documente\####Proiecte finalizate\Brad de craciun\Cod\Cod versiunea 1\Brad de Craciun v1.asm
             DELAY_led_03   0x00018e    program     static C:\Users\mihai\OneDrive\Documente\####Proiecte finalizate\Brad de craciun\Cod\Cod versiunea 1\Brad de Craciun v1.asm
             DELAY_led_04   0x0001ae    program     static C:\Users\mihai\OneDrive\Documente\####Proiecte finalizate\Brad de craciun\Cod\Cod versiunea 1\Brad de Craciun v1.asm
             DELAY_led_05   0x0001ce    program     static C:\Users\mihai\OneDrive\Documente\####Proiecte finalizate\Brad de craciun\Cod\Cod versiunea 1\Brad de Craciun v1.asm
             DELAY_led_06   0x0001ee    program     static C:\Users\mihai\OneDrive\Documente\####Proiecte finalizate\Brad de craciun\Cod\Cod versiunea 1\Brad de Craciun v1.asm
             DELAY_led_07   0x00020e    program     static C:\Users\mihai\OneDrive\Documente\####Proiecte finalizate\Brad de craciun\Cod\Cod versiunea 1\Brad de Craciun v1.asm
             DELAY_led_08   0x00022e    program     static C:\Users\mihai\OneDrive\Documente\####Proiecte finalizate\Brad de craciun\Cod\Cod versiunea 1\Brad de Craciun v1.asm
             DELAY_led_09   0x00024e    program     static C:\Users\mihai\OneDrive\Documente\####Proiecte finalizate\Brad de craciun\Cod\Cod versiunea 1\Brad de Craciun v1.asm
             DELAY_led_10   0x00026e    program     static C:\Users\mihai\OneDrive\Documente\####Proiecte finalizate\Brad de craciun\Cod\Cod versiunea 1\Brad de Craciun v1.asm
             DELAY_led_11   0x00028e    program     static C:\Users\mihai\OneDrive\Documente\####Proiecte finalizate\Brad de craciun\Cod\Cod versiunea 1\Brad de Craciun v1.asm
             DELAY_led_12   0x0002ae    program     static C:\Users\mihai\OneDrive\Documente\####Proiecte finalizate\Brad de craciun\Cod\Cod versiunea 1\Brad de Craciun v1.asm
             DELAY_led_13   0x0002ce    program     static C:\Users\mihai\OneDrive\Documente\####Proiecte finalizate\Brad de craciun\Cod\Cod versiunea 1\Brad de Craciun v1.asm
             DELAY_led_14   0x0002ee    program     static C:\Users\mihai\OneDrive\Documente\####Proiecte finalizate\Brad de craciun\Cod\Cod versiunea 1\Brad de Craciun v1.asm
             DELAY_led_15   0x00030e    program     static C:\Users\mihai\OneDrive\Documente\####Proiecte finalizate\Brad de craciun\Cod\Cod versiunea 1\Brad de Craciun v1.asm
             DELAY_led_16   0x00032e    program     static C:\Users\mihai\OneDrive\Documente\####Proiecte finalizate\Brad de craciun\Cod\Cod versiunea 1\Brad de Craciun v1.asm
             DELAY_led_17   0x00034e    program     static C:\Users\mihai\OneDrive\Documente\####Proiecte finalizate\Brad de craciun\Cod\Cod versiunea 1\Brad de Craciun v1.asm
             DELAY_led_18   0x00036e    program     static C:\Users\mihai\OneDrive\Documente\####Proiecte finalizate\Brad de craciun\Cod\Cod versiunea 1\Brad de Craciun v1.asm
             DELAY_led_19   0x00038e    program     static C:\Users\mihai\OneDrive\Documente\####Proiecte finalizate\Brad de craciun\Cod\Cod versiunea 1\Brad de Craciun v1.asm
             DELAY_led_20   0x0003ae    program     static C:\Users\mihai\OneDrive\Documente\####Proiecte finalizate\Brad de craciun\Cod\Cod versiunea 1\Brad de Craciun v1.asm
                Delay_001   0x0003b7    program     static C:\Users\mihai\OneDrive\Documente\####Proiecte finalizate\Brad de craciun\Cod\Cod versiunea 1\Brad de Craciun v1.asm
                Delay_010   0x0003c2    program     static C:\Users\mihai\OneDrive\Documente\####Proiecte finalizate\Brad de craciun\Cod\Cod versiunea 1\Brad de Craciun v1.asm
               Delay_0100   0x0003cd    program     static C:\Users\mihai\OneDrive\Documente\####Proiecte finalizate\Brad de craciun\Cod\Cod versiunea 1\Brad de Craciun v1.asm
               Delay_0500   0x0003da    program     static C:\Users\mihai\OneDrive\Documente\####Proiecte finalizate\Brad de craciun\Cod\Cod versiunea 1\Brad de Craciun v1.asm
              Delay_100ms   0x0003c9    program     static C:\Users\mihai\OneDrive\Documente\####Proiecte finalizate\Brad de craciun\Cod\Cod versiunea 1\Brad de Craciun v1.asm
               Delay_10ms   0x0003be    program     static C:\Users\mihai\OneDrive\Documente\####Proiecte finalizate\Brad de craciun\Cod\Cod versiunea 1\Brad de Craciun v1.asm
                Delay_1ms   0x0003b3    program     static C:\Users\mihai\OneDrive\Documente\####Proiecte finalizate\Brad de craciun\Cod\Cod versiunea 1\Brad de Craciun v1.asm
              Delay_500ms   0x0003d4    program     static C:\Users\mihai\OneDrive\Documente\####Proiecte finalizate\Brad de craciun\Cod\Cod versiunea 1\Brad de Craciun v1.asm
          INT_LOOP_led_01   0x000136    program     static C:\Users\mihai\OneDrive\Documente\####Proiecte finalizate\Brad de craciun\Cod\Cod versiunea 1\Brad de Craciun v1.asm
          INT_LOOP_led_02   0x000156    program     static C:\Users\mihai\OneDrive\Documente\####Proiecte finalizate\Brad de craciun\Cod\Cod versiunea 1\Brad de Craciun v1.asm
          INT_LOOP_led_03   0x000176    program     static C:\Users\mihai\OneDrive\Documente\####Proiecte finalizate\Brad de craciun\Cod\Cod versiunea 1\Brad de Craciun v1.asm
          INT_LOOP_led_04   0x000196    program     static C:\Users\mihai\OneDrive\Documente\####Proiecte finalizate\Brad de craciun\Cod\Cod versiunea 1\Brad de Craciun v1.asm
          INT_LOOP_led_05   0x0001b6    program     static C:\Users\mihai\OneDrive\Documente\####Proiecte finalizate\Brad de craciun\Cod\Cod versiunea 1\Brad de Craciun v1.asm
          INT_LOOP_led_06   0x0001d6    program     static C:\Users\mihai\OneDrive\Documente\####Proiecte finalizate\Brad de craciun\Cod\Cod versiunea 1\Brad de Craciun v1.asm
          INT_LOOP_led_07   0x0001f6    program     static C:\Users\mihai\OneDrive\Documente\####Proiecte finalizate\Brad de craciun\Cod\Cod versiunea 1\Brad de Craciun v1.asm
          INT_LOOP_led_08   0x000216    program     static C:\Users\mihai\OneDrive\Documente\####Proiecte finalizate\Brad de craciun\Cod\Cod versiunea 1\Brad de Craciun v1.asm
          INT_LOOP_led_09   0x000236    program     static C:\Users\mihai\OneDrive\Documente\####Proiecte finalizate\Brad de craciun\Cod\Cod versiunea 1\Brad de Craciun v1.asm
          INT_LOOP_led_10   0x000256    program     static C:\Users\mihai\OneDrive\Documente\####Proiecte finalizate\Brad de craciun\Cod\Cod versiunea 1\Brad de Craciun v1.asm
          INT_LOOP_led_11   0x000276    program     static C:\Users\mihai\OneDrive\Documente\####Proiecte finalizate\Brad de craciun\Cod\Cod versiunea 1\Brad de Craciun v1.asm
          INT_LOOP_led_12   0x000296    program     static C:\Users\mihai\OneDrive\Documente\####Proiecte finalizate\Brad de craciun\Cod\Cod versiunea 1\Brad de Craciun v1.asm
          INT_LOOP_led_13   0x0002b6    program     static C:\Users\mihai\OneDrive\Documente\####Proiecte finalizate\Brad de craciun\Cod\Cod versiunea 1\Brad de Craciun v1.asm
          INT_LOOP_led_14   0x0002d6    program     static C:\Users\mihai\OneDrive\Documente\####Proiecte finalizate\Brad de craciun\Cod\Cod versiunea 1\Brad de Craciun v1.asm
          INT_LOOP_led_15   0x0002f6    program     static C:\Users\mihai\OneDrive\Documente\####Proiecte finalizate\Brad de craciun\Cod\Cod versiunea 1\Brad de Craciun v1.asm
          INT_LOOP_led_16   0x000316    program     static C:\Users\mihai\OneDrive\Documente\####Proiecte finalizate\Brad de craciun\Cod\Cod versiunea 1\Brad de Craciun v1.asm
          INT_LOOP_led_17   0x000336    program     static C:\Users\mihai\OneDrive\Documente\####Proiecte finalizate\Brad de craciun\Cod\Cod versiunea 1\Brad de Craciun v1.asm
          INT_LOOP_led_18   0x000356    program     static C:\Users\mihai\OneDrive\Documente\####Proiecte finalizate\Brad de craciun\Cod\Cod versiunea 1\Brad de Craciun v1.asm
          INT_LOOP_led_19   0x000376    program     static C:\Users\mihai\OneDrive\Documente\####Proiecte finalizate\Brad de craciun\Cod\Cod versiunea 1\Brad de Craciun v1.asm
          INT_LOOP_led_20   0x000396    program     static C:\Users\mihai\OneDrive\Documente\####Proiecte finalizate\Brad de craciun\Cod\Cod versiunea 1\Brad de Craciun v1.asm
               Initialize   0x000001    program     static C:\Users\mihai\OneDrive\Documente\####Proiecte finalizate\Brad de craciun\Cod\Cod versiunea 1\Brad de Craciun v1.asm
          LOOP_PWM_led_01   0x000133    program     static C:\Users\mihai\OneDrive\Documente\####Proiecte finalizate\Brad de craciun\Cod\Cod versiunea 1\Brad de Craciun v1.asm
          LOOP_PWM_led_02   0x000153    program     static C:\Users\mihai\OneDrive\Documente\####Proiecte finalizate\Brad de craciun\Cod\Cod versiunea 1\Brad de Craciun v1.asm
          LOOP_PWM_led_03   0x000173    program     static C:\Users\mihai\OneDrive\Documente\####Proiecte finalizate\Brad de craciun\Cod\Cod versiunea 1\Brad de Craciun v1.asm
          LOOP_PWM_led_04   0x000193    program     static C:\Users\mihai\OneDrive\Documente\####Proiecte finalizate\Brad de craciun\Cod\Cod versiunea 1\Brad de Craciun v1.asm
          LOOP_PWM_led_05   0x0001b3    program     static C:\Users\mihai\OneDrive\Documente\####Proiecte finalizate\Brad de craciun\Cod\Cod versiunea 1\Brad de Craciun v1.asm
          LOOP_PWM_led_06   0x0001d3    program     static C:\Users\mihai\OneDrive\Documente\####Proiecte finalizate\Brad de craciun\Cod\Cod versiunea 1\Brad de Craciun v1.asm
          LOOP_PWM_led_07   0x0001f3    program     static C:\Users\mihai\OneDrive\Documente\####Proiecte finalizate\Brad de craciun\Cod\Cod versiunea 1\Brad de Craciun v1.asm
          LOOP_PWM_led_08   0x000213    program     static C:\Users\mihai\OneDrive\Documente\####Proiecte finalizate\Brad de craciun\Cod\Cod versiunea 1\Brad de Craciun v1.asm
          LOOP_PWM_led_09   0x000233    program     static C:\Users\mihai\OneDrive\Documente\####Proiecte finalizate\Brad de craciun\Cod\Cod versiunea 1\Brad de Craciun v1.asm
          LOOP_PWM_led_10   0x000253    program     static C:\Users\mihai\OneDrive\Documente\####Proiecte finalizate\Brad de craciun\Cod\Cod versiunea 1\Brad de Craciun v1.asm
          LOOP_PWM_led_11   0x000273    program     static C:\Users\mihai\OneDrive\Documente\####Proiecte finalizate\Brad de craciun\Cod\Cod versiunea 1\Brad de Craciun v1.asm
          LOOP_PWM_led_12   0x000293    program     static C:\Users\mihai\OneDrive\Documente\####Proiecte finalizate\Brad de craciun\Cod\Cod versiunea 1\Brad de Craciun v1.asm
          LOOP_PWM_led_13   0x0002b3    program     static C:\Users\mihai\OneDrive\Documente\####Proiecte finalizate\Brad de craciun\Cod\Cod versiunea 1\Brad de Craciun v1.asm
          LOOP_PWM_led_14   0x0002d3    program     static C:\Users\mihai\OneDrive\Documente\####Proiecte finalizate\Brad de craciun\Cod\Cod versiunea 1\Brad de Craciun v1.asm
          LOOP_PWM_led_15   0x0002f3    program     static C:\Users\mihai\OneDrive\Documente\####Proiecte finalizate\Brad de craciun\Cod\Cod versiunea 1\Brad de Craciun v1.asm
          LOOP_PWM_led_16   0x000313    program     static C:\Users\mihai\OneDrive\Documente\####Proiecte finalizate\Brad de craciun\Cod\Cod versiunea 1\Brad de Craciun v1.asm
          LOOP_PWM_led_17   0x000333    program     static C:\Users\mihai\OneDrive\Documente\####Proiecte finalizate\Brad de craciun\Cod\Cod versiunea 1\Brad de Craciun v1.asm
          LOOP_PWM_led_18   0x000353    program     static C:\Users\mihai\OneDrive\Documente\####Proiecte finalizate\Brad de craciun\Cod\Cod versiunea 1\Brad de Craciun v1.asm
          LOOP_PWM_led_19   0x000373    program     static C:\Users\mihai\OneDrive\Documente\####Proiecte finalizate\Brad de craciun\Cod\Cod versiunea 1\Brad de Craciun v1.asm
          LOOP_PWM_led_20   0x000393    program     static C:\Users\mihai\OneDrive\Documente\####Proiecte finalizate\Brad de craciun\Cod\Cod versiunea 1\Brad de Craciun v1.asm
                   Led_01   0x0000a7    program     static C:\Users\mihai\OneDrive\Documente\####Proiecte finalizate\Brad de craciun\Cod\Cod versiunea 1\Brad de Craciun v1.asm
                   Led_02   0x0000ae    program     static C:\Users\mihai\OneDrive\Documente\####Proiecte finalizate\Brad de craciun\Cod\Cod versiunea 1\Brad de Craciun v1.asm
                   Led_03   0x0000b5    program     static C:\Users\mihai\OneDrive\Documente\####Proiecte finalizate\Brad de craciun\Cod\Cod versiunea 1\Brad de Craciun v1.asm
                   Led_04   0x0000bc    program     static C:\Users\mihai\OneDrive\Documente\####Proiecte finalizate\Brad de craciun\Cod\Cod versiunea 1\Brad de Craciun v1.asm
                   Led_05   0x0000c3    program     static C:\Users\mihai\OneDrive\Documente\####Proiecte finalizate\Brad de craciun\Cod\Cod versiunea 1\Brad de Craciun v1.asm
                   Led_06   0x0000ca    program     static C:\Users\mihai\OneDrive\Documente\####Proiecte finalizate\Brad de craciun\Cod\Cod versiunea 1\Brad de Craciun v1.asm
                   Led_07   0x0000d1    program     static C:\Users\mihai\OneDrive\Documente\####Proiecte finalizate\Brad de craciun\Cod\Cod versiunea 1\Brad de Craciun v1.asm
                   Led_08   0x0000d8    program     static C:\Users\mihai\OneDrive\Documente\####Proiecte finalizate\Brad de craciun\Cod\Cod versiunea 1\Brad de Craciun v1.asm
                   Led_09   0x0000df    program     static C:\Users\mihai\OneDrive\Documente\####Proiecte finalizate\Brad de craciun\Cod\Cod versiunea 1\Brad de Craciun v1.asm
                   Led_10   0x0000e6    program     static C:\Users\mihai\OneDrive\Documente\####Proiecte finalizate\Brad de craciun\Cod\Cod versiunea 1\Brad de Craciun v1.asm
                   Led_11   0x0000ed    program     static C:\Users\mihai\OneDrive\Documente\####Proiecte finalizate\Brad de craciun\Cod\Cod versiunea 1\Brad de Craciun v1.asm
                   Led_12   0x0000f4    program     static C:\Users\mihai\OneDrive\Documente\####Proiecte finalizate\Brad de craciun\Cod\Cod versiunea 1\Brad de Craciun v1.asm
                   Led_13   0x0000fb    program     static C:\Users\mihai\OneDrive\Documente\####Proiecte finalizate\Brad de craciun\Cod\Cod versiunea 1\Brad de Craciun v1.asm
                   Led_14   0x000102    program     static C:\Users\mihai\OneDrive\Documente\####Proiecte finalizate\Brad de craciun\Cod\Cod versiunea 1\Brad de Craciun v1.asm
                   Led_15   0x000109    program     static C:\Users\mihai\OneDrive\Documente\####Proiecte finalizate\Brad de craciun\Cod\Cod versiunea 1\Brad de Craciun v1.asm
                   Led_16   0x000110    program     static C:\Users\mihai\OneDrive\Documente\####Proiecte finalizate\Brad de craciun\Cod\Cod versiunea 1\Brad de Craciun v1.asm
                   Led_17   0x000117    program     static C:\Users\mihai\OneDrive\Documente\####Proiecte finalizate\Brad de craciun\Cod\Cod versiunea 1\Brad de Craciun v1.asm
                   Led_18   0x00011e    program     static C:\Users\mihai\OneDrive\Documente\####Proiecte finalizate\Brad de craciun\Cod\Cod versiunea 1\Brad de Craciun v1.asm
                   Led_19   0x000125    program     static C:\Users\mihai\OneDrive\Documente\####Proiecte finalizate\Brad de craciun\Cod\Cod versiunea 1\Brad de Craciun v1.asm
                   Led_20   0x00012c    program     static C:\Users\mihai\OneDrive\Documente\####Proiecte finalizate\Brad de craciun\Cod\Cod versiunea 1\Brad de Craciun v1.asm
                  Led_off   0x0000a0    program     static C:\Users\mihai\OneDrive\Documente\####Proiecte finalizate\Brad de craciun\Cod\Cod versiunea 1\Brad de Craciun v1.asm
           SET_DIR_led_01   0x00014c    program     static C:\Users\mihai\OneDrive\Documente\####Proiecte finalizate\Brad de craciun\Cod\Cod versiunea 1\Brad de Craciun v1.asm
           SET_DIR_led_02   0x00016c    program     static C:\Users\mihai\OneDrive\Documente\####Proiecte finalizate\Brad de craciun\Cod\Cod versiunea 1\Brad de Craciun v1.asm
           SET_DIR_led_03   0x00018c    program     static C:\Users\mihai\OneDrive\Documente\####Proiecte finalizate\Brad de craciun\Cod\Cod versiunea 1\Brad de Craciun v1.asm
           SET_DIR_led_04   0x0001ac    program     static C:\Users\mihai\OneDrive\Documente\####Proiecte finalizate\Brad de craciun\Cod\Cod versiunea 1\Brad de Craciun v1.asm
           SET_DIR_led_05   0x0001cc    program     static C:\Users\mihai\OneDrive\Documente\####Proiecte finalizate\Brad de craciun\Cod\Cod versiunea 1\Brad de Craciun v1.asm
           SET_DIR_led_06   0x0001ec    program     static C:\Users\mihai\OneDrive\Documente\####Proiecte finalizate\Brad de craciun\Cod\Cod versiunea 1\Brad de Craciun v1.asm
           SET_DIR_led_07   0x00020c    program     static C:\Users\mihai\OneDrive\Documente\####Proiecte finalizate\Brad de craciun\Cod\Cod versiunea 1\Brad de Craciun v1.asm
           SET_DIR_led_08   0x00022c    program     static C:\Users\mihai\OneDrive\Documente\####Proiecte finalizate\Brad de craciun\Cod\Cod versiunea 1\Brad de Craciun v1.asm
           SET_DIR_led_09   0x00024c    program     static C:\Users\mihai\OneDrive\Documente\####Proiecte finalizate\Brad de craciun\Cod\Cod versiunea 1\Brad de Craciun v1.asm
           SET_DIR_led_10   0x00026c    program     static C:\Users\mihai\OneDrive\Documente\####Proiecte finalizate\Brad de craciun\Cod\Cod versiunea 1\Brad de Craciun v1.asm
           SET_DIR_led_11   0x00028c    program     static C:\Users\mihai\OneDrive\Documente\####Proiecte finalizate\Brad de craciun\Cod\Cod versiunea 1\Brad de Craciun v1.asm
           SET_DIR_led_12   0x0002ac    program     static C:\Users\mihai\OneDrive\Documente\####Proiecte finalizate\Brad de craciun\Cod\Cod versiunea 1\Brad de Craciun v1.asm
           SET_DIR_led_13   0x0002cc    program     static C:\Users\mihai\OneDrive\Documente\####Proiecte finalizate\Brad de craciun\Cod\Cod versiunea 1\Brad de Craciun v1.asm
           SET_DIR_led_14   0x0002ec    program     static C:\Users\mihai\OneDrive\Documente\####Proiecte finalizate\Brad de craciun\Cod\Cod versiunea 1\Brad de Craciun v1.asm
           SET_DIR_led_15   0x00030c    program     static C:\Users\mihai\OneDrive\Documente\####Proiecte finalizate\Brad de craciun\Cod\Cod versiunea 1\Brad de Craciun v1.asm
           SET_DIR_led_16   0x00032c    program     static C:\Users\mihai\OneDrive\Documente\####Proiecte finalizate\Brad de craciun\Cod\Cod versiunea 1\Brad de Craciun v1.asm
           SET_DIR_led_17   0x00034c    program     static C:\Users\mihai\OneDrive\Documente\####Proiecte finalizate\Brad de craciun\Cod\Cod versiunea 1\Brad de Craciun v1.asm
           SET_DIR_led_18   0x00036c    program     static C:\Users\mihai\OneDrive\Documente\####Proiecte finalizate\Brad de craciun\Cod\Cod versiunea 1\Brad de Craciun v1.asm
           SET_DIR_led_19   0x00038c    program     static C:\Users\mihai\OneDrive\Documente\####Proiecte finalizate\Brad de craciun\Cod\Cod versiunea 1\Brad de Craciun v1.asm
           SET_DIR_led_20   0x0003ac    program     static C:\Users\mihai\OneDrive\Documente\####Proiecte finalizate\Brad de craciun\Cod\Cod versiunea 1\Brad de Craciun v1.asm
        TOGGLE_DIR_led_01   0x000148    program     static C:\Users\mihai\OneDrive\Documente\####Proiecte finalizate\Brad de craciun\Cod\Cod versiunea 1\Brad de Craciun v1.asm
        TOGGLE_DIR_led_02   0x000168    program     static C:\Users\mihai\OneDrive\Documente\####Proiecte finalizate\Brad de craciun\Cod\Cod versiunea 1\Brad de Craciun v1.asm
        TOGGLE_DIR_led_03   0x000188    program     static C:\Users\mihai\OneDrive\Documente\####Proiecte finalizate\Brad de craciun\Cod\Cod versiunea 1\Brad de Craciun v1.asm
        TOGGLE_DIR_led_04   0x0001a8    program     static C:\Users\mihai\OneDrive\Documente\####Proiecte finalizate\Brad de craciun\Cod\Cod versiunea 1\Brad de Craciun v1.asm
        TOGGLE_DIR_led_05   0x0001c8    program     static C:\Users\mihai\OneDrive\Documente\####Proiecte finalizate\Brad de craciun\Cod\Cod versiunea 1\Brad de Craciun v1.asm
        TOGGLE_DIR_led_06   0x0001e8    program     static C:\Users\mihai\OneDrive\Documente\####Proiecte finalizate\Brad de craciun\Cod\Cod versiunea 1\Brad de Craciun v1.asm
        TOGGLE_DIR_led_07   0x000208    program     static C:\Users\mihai\OneDrive\Documente\####Proiecte finalizate\Brad de craciun\Cod\Cod versiunea 1\Brad de Craciun v1.asm
        TOGGLE_DIR_led_08   0x000228    program     static C:\Users\mihai\OneDrive\Documente\####Proiecte finalizate\Brad de craciun\Cod\Cod versiunea 1\Brad de Craciun v1.asm
        TOGGLE_DIR_led_09   0x000248    program     static C:\Users\mihai\OneDrive\Documente\####Proiecte finalizate\Brad de craciun\Cod\Cod versiunea 1\Brad de Craciun v1.asm
        TOGGLE_DIR_led_10   0x000268    program     static C:\Users\mihai\OneDrive\Documente\####Proiecte finalizate\Brad de craciun\Cod\Cod versiunea 1\Brad de Craciun v1.asm
        TOGGLE_DIR_led_11   0x000288    program     static C:\Users\mihai\OneDrive\Documente\####Proiecte finalizate\Brad de craciun\Cod\Cod versiunea 1\Brad de Craciun v1.asm
        TOGGLE_DIR_led_12   0x0002a8    program     static C:\Users\mihai\OneDrive\Documente\####Proiecte finalizate\Brad de craciun\Cod\Cod versiunea 1\Brad de Craciun v1.asm
        TOGGLE_DIR_led_13   0x0002c8    program     static C:\Users\mihai\OneDrive\Documente\####Proiecte finalizate\Brad de craciun\Cod\Cod versiunea 1\Brad de Craciun v1.asm
        TOGGLE_DIR_led_14   0x0002e8    program     static C:\Users\mihai\OneDrive\Documente\####Proiecte finalizate\Brad de craciun\Cod\Cod versiunea 1\Brad de Craciun v1.asm
        TOGGLE_DIR_led_15   0x000308    program     static C:\Users\mihai\OneDrive\Documente\####Proiecte finalizate\Brad de craciun\Cod\Cod versiunea 1\Brad de Craciun v1.asm
        TOGGLE_DIR_led_16   0x000328    program     static C:\Users\mihai\OneDrive\Documente\####Proiecte finalizate\Brad de craciun\Cod\Cod versiunea 1\Brad de Craciun v1.asm
        TOGGLE_DIR_led_17   0x000348    program     static C:\Users\mihai\OneDrive\Documente\####Proiecte finalizate\Brad de craciun\Cod\Cod versiunea 1\Brad de Craciun v1.asm
        TOGGLE_DIR_led_18   0x000368    program     static C:\Users\mihai\OneDrive\Documente\####Proiecte finalizate\Brad de craciun\Cod\Cod versiunea 1\Brad de Craciun v1.asm
        TOGGLE_DIR_led_19   0x000388    program     static C:\Users\mihai\OneDrive\Documente\####Proiecte finalizate\Brad de craciun\Cod\Cod versiunea 1\Brad de Craciun v1.asm
        TOGGLE_DIR_led_20   0x0003a8    program     static C:\Users\mihai\OneDrive\Documente\####Proiecte finalizate\Brad de craciun\Cod\Cod versiunea 1\Brad de Craciun v1.asm
             _.org_0_0139   0x000139    program     static C:\Users\mihai\OneDrive\Documente\####Proiecte finalizate\Brad de craciun\Cod\Cod versiunea 1\Brad de Craciun v1.asm
             _.org_0_0159   0x000159    program     static C:\Users\mihai\OneDrive\Documente\####Proiecte finalizate\Brad de craciun\Cod\Cod versiunea 1\Brad de Craciun v1.asm
             _.org_0_0179   0x000179    program     static C:\Users\mihai\OneDrive\Documente\####Proiecte finalizate\Brad de craciun\Cod\Cod versiunea 1\Brad de Craciun v1.asm
             _.org_0_0199   0x000199    program     static C:\Users\mihai\OneDrive\Documente\####Proiecte finalizate\Brad de craciun\Cod\Cod versiunea 1\Brad de Craciun v1.asm
             _.org_0_01B9   0x0001b9    program     static C:\Users\mihai\OneDrive\Documente\####Proiecte finalizate\Brad de craciun\Cod\Cod versiunea 1\Brad de Craciun v1.asm
             _.org_0_01D9   0x0001d9    program     static C:\Users\mihai\OneDrive\Documente\####Proiecte finalizate\Brad de craciun\Cod\Cod versiunea 1\Brad de Craciun v1.asm
             _.org_0_01F9   0x0001f9    program     static C:\Users\mihai\OneDrive\Documente\####Proiecte finalizate\Brad de craciun\Cod\Cod versiunea 1\Brad de Craciun v1.asm
             _.org_0_0219   0x000219    program     static C:\Users\mihai\OneDrive\Documente\####Proiecte finalizate\Brad de craciun\Cod\Cod versiunea 1\Brad de Craciun v1.asm
             _.org_0_0239   0x000239    program     static C:\Users\mihai\OneDrive\Documente\####Proiecte finalizate\Brad de craciun\Cod\Cod versiunea 1\Brad de Craciun v1.asm
             _.org_0_0259   0x000259    program     static C:\Users\mihai\OneDrive\Documente\####Proiecte finalizate\Brad de craciun\Cod\Cod versiunea 1\Brad de Craciun v1.asm
             _.org_0_0279   0x000279    program     static C:\Users\mihai\OneDrive\Documente\####Proiecte finalizate\Brad de craciun\Cod\Cod versiunea 1\Brad de Craciun v1.asm
             _.org_0_0299   0x000299    program     static C:\Users\mihai\OneDrive\Documente\####Proiecte finalizate\Brad de craciun\Cod\Cod versiunea 1\Brad de Craciun v1.asm
             _.org_0_02B9   0x0002b9    program     static C:\Users\mihai\OneDrive\Documente\####Proiecte finalizate\Brad de craciun\Cod\Cod versiunea 1\Brad de Craciun v1.asm
             _.org_0_02D9   0x0002d9    program     static C:\Users\mihai\OneDrive\Documente\####Proiecte finalizate\Brad de craciun\Cod\Cod versiunea 1\Brad de Craciun v1.asm
             _.org_0_02F9   0x0002f9    program     static C:\Users\mihai\OneDrive\Documente\####Proiecte finalizate\Brad de craciun\Cod\Cod versiunea 1\Brad de Craciun v1.asm
             _.org_0_0319   0x000319    program     static C:\Users\mihai\OneDrive\Documente\####Proiecte finalizate\Brad de craciun\Cod\Cod versiunea 1\Brad de Craciun v1.asm
             _.org_0_0339   0x000339    program     static C:\Users\mihai\OneDrive\Documente\####Proiecte finalizate\Brad de craciun\Cod\Cod versiunea 1\Brad de Craciun v1.asm
             _.org_0_0359   0x000359    program     static C:\Users\mihai\OneDrive\Documente\####Proiecte finalizate\Brad de craciun\Cod\Cod versiunea 1\Brad de Craciun v1.asm
             _.org_0_0379   0x000379    program     static C:\Users\mihai\OneDrive\Documente\####Proiecte finalizate\Brad de craciun\Cod\Cod versiunea 1\Brad de Craciun v1.asm
             _.org_0_0399   0x000399    program     static C:\Users\mihai\OneDrive\Documente\####Proiecte finalizate\Brad de craciun\Cod\Cod versiunea 1\Brad de Craciun v1.asm
             _.org_0_03B8   0x0003b8    program     static C:\Users\mihai\OneDrive\Documente\####Proiecte finalizate\Brad de craciun\Cod\Cod versiunea 1\Brad de Craciun v1.asm
             _.org_0_03BB   0x0003bb    program     static C:\Users\mihai\OneDrive\Documente\####Proiecte finalizate\Brad de craciun\Cod\Cod versiunea 1\Brad de Craciun v1.asm
             _.org_0_03C3   0x0003c3    program     static C:\Users\mihai\OneDrive\Documente\####Proiecte finalizate\Brad de craciun\Cod\Cod versiunea 1\Brad de Craciun v1.asm
             _.org_0_03C6   0x0003c6    program     static C:\Users\mihai\OneDrive\Documente\####Proiecte finalizate\Brad de craciun\Cod\Cod versiunea 1\Brad de Craciun v1.asm
             _.org_0_03CE   0x0003ce    program     static C:\Users\mihai\OneDrive\Documente\####Proiecte finalizate\Brad de craciun\Cod\Cod versiunea 1\Brad de Craciun v1.asm
             _.org_0_03D1   0x0003d1    program     static C:\Users\mihai\OneDrive\Documente\####Proiecte finalizate\Brad de craciun\Cod\Cod versiunea 1\Brad de Craciun v1.asm
             _.org_0_03DB   0x0003db    program     static C:\Users\mihai\OneDrive\Documente\####Proiecte finalizate\Brad de craciun\Cod\Cod versiunea 1\Brad de Craciun v1.asm
             _.org_0_03DD   0x0003dd    program     static C:\Users\mihai\OneDrive\Documente\####Proiecte finalizate\Brad de craciun\Cod\Cod versiunea 1\Brad de Craciun v1.asm
             _.org_0_03E0   0x0003e0    program     static C:\Users\mihai\OneDrive\Documente\####Proiecte finalizate\Brad de craciun\Cod\Cod versiunea 1\Brad de Craciun v1.asm
                    bucla   0x000013    program     static C:\Users\mihai\OneDrive\Documente\####Proiecte finalizate\Brad de craciun\Cod\Cod versiunea 1\Brad de Craciun v1.asm



                              Symbols - Sorted by Address
                     Name    Address   Location    Storage File                     
                ---------  ---------  ---------  --------- ---------                
               Initialize   0x000001    program     static C:\Users\mihai\OneDrive\Documente\####Proiecte finalizate\Brad de craciun\Cod\Cod versiunea 1\Brad de Craciun v1.asm
                    bucla   0x000013    program     static C:\Users\mihai\OneDrive\Documente\####Proiecte finalizate\Brad de craciun\Cod\Cod versiunea 1\Brad de Craciun v1.asm
             Bucla_random   0x000078    program     static C:\Users\mihai\OneDrive\Documente\####Proiecte finalizate\Brad de craciun\Cod\Cod versiunea 1\Brad de Craciun v1.asm
                  Led_off   0x0000a0    program     static C:\Users\mihai\OneDrive\Documente\####Proiecte finalizate\Brad de craciun\Cod\Cod versiunea 1\Brad de Craciun v1.asm
                   Led_01   0x0000a7    program     static C:\Users\mihai\OneDrive\Documente\####Proiecte finalizate\Brad de craciun\Cod\Cod versiunea 1\Brad de Craciun v1.asm
                   Led_02   0x0000ae    program     static C:\Users\mihai\OneDrive\Documente\####Proiecte finalizate\Brad de craciun\Cod\Cod versiunea 1\Brad de Craciun v1.asm
                   Led_03   0x0000b5    program     static C:\Users\mihai\OneDrive\Documente\####Proiecte finalizate\Brad de craciun\Cod\Cod versiunea 1\Brad de Craciun v1.asm
                   Led_04   0x0000bc    program     static C:\Users\mihai\OneDrive\Documente\####Proiecte finalizate\Brad de craciun\Cod\Cod versiunea 1\Brad de Craciun v1.asm
                   Led_05   0x0000c3    program     static C:\Users\mihai\OneDrive\Documente\####Proiecte finalizate\Brad de craciun\Cod\Cod versiunea 1\Brad de Craciun v1.asm
                   Led_06   0x0000ca    program     static C:\Users\mihai\OneDrive\Documente\####Proiecte finalizate\Brad de craciun\Cod\Cod versiunea 1\Brad de Craciun v1.asm
                   Led_07   0x0000d1    program     static C:\Users\mihai\OneDrive\Documente\####Proiecte finalizate\Brad de craciun\Cod\Cod versiunea 1\Brad de Craciun v1.asm
                   Led_08   0x0000d8    program     static C:\Users\mihai\OneDrive\Documente\####Proiecte finalizate\Brad de craciun\Cod\Cod versiunea 1\Brad de Craciun v1.asm
                   Led_09   0x0000df    program     static C:\Users\mihai\OneDrive\Documente\####Proiecte finalizate\Brad de craciun\Cod\Cod versiunea 1\Brad de Craciun v1.asm
                   Led_10   0x0000e6    program     static C:\Users\mihai\OneDrive\Documente\####Proiecte finalizate\Brad de craciun\Cod\Cod versiunea 1\Brad de Craciun v1.asm
                   Led_11   0x0000ed    program     static C:\Users\mihai\OneDrive\Documente\####Proiecte finalizate\Brad de craciun\Cod\Cod versiunea 1\Brad de Craciun v1.asm
                   Led_12   0x0000f4    program     static C:\Users\mihai\OneDrive\Documente\####Proiecte finalizate\Brad de craciun\Cod\Cod versiunea 1\Brad de Craciun v1.asm
                   Led_13   0x0000fb    program     static C:\Users\mihai\OneDrive\Documente\####Proiecte finalizate\Brad de craciun\Cod\Cod versiunea 1\Brad de Craciun v1.asm
                   Led_14   0x000102    program     static C:\Users\mihai\OneDrive\Documente\####Proiecte finalizate\Brad de craciun\Cod\Cod versiunea 1\Brad de Craciun v1.asm
                   Led_15   0x000109    program     static C:\Users\mihai\OneDrive\Documente\####Proiecte finalizate\Brad de craciun\Cod\Cod versiunea 1\Brad de Craciun v1.asm
                   Led_16   0x000110    program     static C:\Users\mihai\OneDrive\Documente\####Proiecte finalizate\Brad de craciun\Cod\Cod versiunea 1\Brad de Craciun v1.asm
                   Led_17   0x000117    program     static C:\Users\mihai\OneDrive\Documente\####Proiecte finalizate\Brad de craciun\Cod\Cod versiunea 1\Brad de Craciun v1.asm
                   Led_18   0x00011e    program     static C:\Users\mihai\OneDrive\Documente\####Proiecte finalizate\Brad de craciun\Cod\Cod versiunea 1\Brad de Craciun v1.asm
                   Led_19   0x000125    program     static C:\Users\mihai\OneDrive\Documente\####Proiecte finalizate\Brad de craciun\Cod\Cod versiunea 1\Brad de Craciun v1.asm
                   Led_20   0x00012c    program     static C:\Users\mihai\OneDrive\Documente\####Proiecte finalizate\Brad de craciun\Cod\Cod versiunea 1\Brad de Craciun v1.asm
          LOOP_PWM_led_01   0x000133    program     static C:\Users\mihai\OneDrive\Documente\####Proiecte finalizate\Brad de craciun\Cod\Cod versiunea 1\Brad de Craciun v1.asm
          INT_LOOP_led_01   0x000136    program     static C:\Users\mihai\OneDrive\Documente\####Proiecte finalizate\Brad de craciun\Cod\Cod versiunea 1\Brad de Craciun v1.asm
             _.org_0_0139   0x000139    program     static C:\Users\mihai\OneDrive\Documente\####Proiecte finalizate\Brad de craciun\Cod\Cod versiunea 1\Brad de Craciun v1.asm
    DEC_BRIGHTNESS_led_01   0x000143    program     static C:\Users\mihai\OneDrive\Documente\####Proiecte finalizate\Brad de craciun\Cod\Cod versiunea 1\Brad de Craciun v1.asm
        TOGGLE_DIR_led_01   0x000148    program     static C:\Users\mihai\OneDrive\Documente\####Proiecte finalizate\Brad de craciun\Cod\Cod versiunea 1\Brad de Craciun v1.asm
           SET_DIR_led_01   0x00014c    program     static C:\Users\mihai\OneDrive\Documente\####Proiecte finalizate\Brad de craciun\Cod\Cod versiunea 1\Brad de Craciun v1.asm
             DELAY_led_01   0x00014e    program     static C:\Users\mihai\OneDrive\Documente\####Proiecte finalizate\Brad de craciun\Cod\Cod versiunea 1\Brad de Craciun v1.asm
        DELAY_LOOP_led_01   0x000150    program     static C:\Users\mihai\OneDrive\Documente\####Proiecte finalizate\Brad de craciun\Cod\Cod versiunea 1\Brad de Craciun v1.asm
          LOOP_PWM_led_02   0x000153    program     static C:\Users\mihai\OneDrive\Documente\####Proiecte finalizate\Brad de craciun\Cod\Cod versiunea 1\Brad de Craciun v1.asm
          INT_LOOP_led_02   0x000156    program     static C:\Users\mihai\OneDrive\Documente\####Proiecte finalizate\Brad de craciun\Cod\Cod versiunea 1\Brad de Craciun v1.asm
             _.org_0_0159   0x000159    program     static C:\Users\mihai\OneDrive\Documente\####Proiecte finalizate\Brad de craciun\Cod\Cod versiunea 1\Brad de Craciun v1.asm
    DEC_BRIGHTNESS_led_02   0x000163    program     static C:\Users\mihai\OneDrive\Documente\####Proiecte finalizate\Brad de craciun\Cod\Cod versiunea 1\Brad de Craciun v1.asm
        TOGGLE_DIR_led_02   0x000168    program     static C:\Users\mihai\OneDrive\Documente\####Proiecte finalizate\Brad de craciun\Cod\Cod versiunea 1\Brad de Craciun v1.asm
           SET_DIR_led_02   0x00016c    program     static C:\Users\mihai\OneDrive\Documente\####Proiecte finalizate\Brad de craciun\Cod\Cod versiunea 1\Brad de Craciun v1.asm
             DELAY_led_02   0x00016e    program     static C:\Users\mihai\OneDrive\Documente\####Proiecte finalizate\Brad de craciun\Cod\Cod versiunea 1\Brad de Craciun v1.asm
        DELAY_LOOP_led_02   0x000170    program     static C:\Users\mihai\OneDrive\Documente\####Proiecte finalizate\Brad de craciun\Cod\Cod versiunea 1\Brad de Craciun v1.asm
          LOOP_PWM_led_03   0x000173    program     static C:\Users\mihai\OneDrive\Documente\####Proiecte finalizate\Brad de craciun\Cod\Cod versiunea 1\Brad de Craciun v1.asm
          INT_LOOP_led_03   0x000176    program     static C:\Users\mihai\OneDrive\Documente\####Proiecte finalizate\Brad de craciun\Cod\Cod versiunea 1\Brad de Craciun v1.asm
             _.org_0_0179   0x000179    program     static C:\Users\mihai\OneDrive\Documente\####Proiecte finalizate\Brad de craciun\Cod\Cod versiunea 1\Brad de Craciun v1.asm
    DEC_BRIGHTNESS_led_03   0x000183    program     static C:\Users\mihai\OneDrive\Documente\####Proiecte finalizate\Brad de craciun\Cod\Cod versiunea 1\Brad de Craciun v1.asm
        TOGGLE_DIR_led_03   0x000188    program     static C:\Users\mihai\OneDrive\Documente\####Proiecte finalizate\Brad de craciun\Cod\Cod versiunea 1\Brad de Craciun v1.asm
           SET_DIR_led_03   0x00018c    program     static C:\Users\mihai\OneDrive\Documente\####Proiecte finalizate\Brad de craciun\Cod\Cod versiunea 1\Brad de Craciun v1.asm
             DELAY_led_03   0x00018e    program     static C:\Users\mihai\OneDrive\Documente\####Proiecte finalizate\Brad de craciun\Cod\Cod versiunea 1\Brad de Craciun v1.asm
        DELAY_LOOP_led_03   0x000190    program     static C:\Users\mihai\OneDrive\Documente\####Proiecte finalizate\Brad de craciun\Cod\Cod versiunea 1\Brad de Craciun v1.asm
          LOOP_PWM_led_04   0x000193    program     static C:\Users\mihai\OneDrive\Documente\####Proiecte finalizate\Brad de craciun\Cod\Cod versiunea 1\Brad de Craciun v1.asm
          INT_LOOP_led_04   0x000196    program     static C:\Users\mihai\OneDrive\Documente\####Proiecte finalizate\Brad de craciun\Cod\Cod versiunea 1\Brad de Craciun v1.asm
             _.org_0_0199   0x000199    program     static C:\Users\mihai\OneDrive\Documente\####Proiecte finalizate\Brad de craciun\Cod\Cod versiunea 1\Brad de Craciun v1.asm
    DEC_BRIGHTNESS_led_04   0x0001a3    program     static C:\Users\mihai\OneDrive\Documente\####Proiecte finalizate\Brad de craciun\Cod\Cod versiunea 1\Brad de Craciun v1.asm
        TOGGLE_DIR_led_04   0x0001a8    program     static C:\Users\mihai\OneDrive\Documente\####Proiecte finalizate\Brad de craciun\Cod\Cod versiunea 1\Brad de Craciun v1.asm
           SET_DIR_led_04   0x0001ac    program     static C:\Users\mihai\OneDrive\Documente\####Proiecte finalizate\Brad de craciun\Cod\Cod versiunea 1\Brad de Craciun v1.asm
             DELAY_led_04   0x0001ae    program     static C:\Users\mihai\OneDrive\Documente\####Proiecte finalizate\Brad de craciun\Cod\Cod versiunea 1\Brad de Craciun v1.asm
        DELAY_LOOP_led_04   0x0001b0    program     static C:\Users\mihai\OneDrive\Documente\####Proiecte finalizate\Brad de craciun\Cod\Cod versiunea 1\Brad de Craciun v1.asm
          LOOP_PWM_led_05   0x0001b3    program     static C:\Users\mihai\OneDrive\Documente\####Proiecte finalizate\Brad de craciun\Cod\Cod versiunea 1\Brad de Craciun v1.asm
          INT_LOOP_led_05   0x0001b6    program     static C:\Users\mihai\OneDrive\Documente\####Proiecte finalizate\Brad de craciun\Cod\Cod versiunea 1\Brad de Craciun v1.asm
             _.org_0_01B9   0x0001b9    program     static C:\Users\mihai\OneDrive\Documente\####Proiecte finalizate\Brad de craciun\Cod\Cod versiunea 1\Brad de Craciun v1.asm
    DEC_BRIGHTNESS_led_05   0x0001c3    program     static C:\Users\mihai\OneDrive\Documente\####Proiecte finalizate\Brad de craciun\Cod\Cod versiunea 1\Brad de Craciun v1.asm
        TOGGLE_DIR_led_05   0x0001c8    program     static C:\Users\mihai\OneDrive\Documente\####Proiecte finalizate\Brad de craciun\Cod\Cod versiunea 1\Brad de Craciun v1.asm
           SET_DIR_led_05   0x0001cc    program     static C:\Users\mihai\OneDrive\Documente\####Proiecte finalizate\Brad de craciun\Cod\Cod versiunea 1\Brad de Craciun v1.asm
             DELAY_led_05   0x0001ce    program     static C:\Users\mihai\OneDrive\Documente\####Proiecte finalizate\Brad de craciun\Cod\Cod versiunea 1\Brad de Craciun v1.asm
        DELAY_LOOP_led_05   0x0001d0    program     static C:\Users\mihai\OneDrive\Documente\####Proiecte finalizate\Brad de craciun\Cod\Cod versiunea 1\Brad de Craciun v1.asm
          LOOP_PWM_led_06   0x0001d3    program     static C:\Users\mihai\OneDrive\Documente\####Proiecte finalizate\Brad de craciun\Cod\Cod versiunea 1\Brad de Craciun v1.asm
          INT_LOOP_led_06   0x0001d6    program     static C:\Users\mihai\OneDrive\Documente\####Proiecte finalizate\Brad de craciun\Cod\Cod versiunea 1\Brad de Craciun v1.asm
             _.org_0_01D9   0x0001d9    program     static C:\Users\mihai\OneDrive\Documente\####Proiecte finalizate\Brad de craciun\Cod\Cod versiunea 1\Brad de Craciun v1.asm
    DEC_BRIGHTNESS_led_06   0x0001e3    program     static C:\Users\mihai\OneDrive\Documente\####Proiecte finalizate\Brad de craciun\Cod\Cod versiunea 1\Brad de Craciun v1.asm
        TOGGLE_DIR_led_06   0x0001e8    program     static C:\Users\mihai\OneDrive\Documente\####Proiecte finalizate\Brad de craciun\Cod\Cod versiunea 1\Brad de Craciun v1.asm
           SET_DIR_led_06   0x0001ec    program     static C:\Users\mihai\OneDrive\Documente\####Proiecte finalizate\Brad de craciun\Cod\Cod versiunea 1\Brad de Craciun v1.asm
             DELAY_led_06   0x0001ee    program     static C:\Users\mihai\OneDrive\Documente\####Proiecte finalizate\Brad de craciun\Cod\Cod versiunea 1\Brad de Craciun v1.asm
        DELAY_LOOP_led_06   0x0001f0    program     static C:\Users\mihai\OneDrive\Documente\####Proiecte finalizate\Brad de craciun\Cod\Cod versiunea 1\Brad de Craciun v1.asm
          LOOP_PWM_led_07   0x0001f3    program     static C:\Users\mihai\OneDrive\Documente\####Proiecte finalizate\Brad de craciun\Cod\Cod versiunea 1\Brad de Craciun v1.asm
          INT_LOOP_led_07   0x0001f6    program     static C:\Users\mihai\OneDrive\Documente\####Proiecte finalizate\Brad de craciun\Cod\Cod versiunea 1\Brad de Craciun v1.asm
             _.org_0_01F9   0x0001f9    program     static C:\Users\mihai\OneDrive\Documente\####Proiecte finalizate\Brad de craciun\Cod\Cod versiunea 1\Brad de Craciun v1.asm
    DEC_BRIGHTNESS_led_07   0x000203    program     static C:\Users\mihai\OneDrive\Documente\####Proiecte finalizate\Brad de craciun\Cod\Cod versiunea 1\Brad de Craciun v1.asm
        TOGGLE_DIR_led_07   0x000208    program     static C:\Users\mihai\OneDrive\Documente\####Proiecte finalizate\Brad de craciun\Cod\Cod versiunea 1\Brad de Craciun v1.asm
           SET_DIR_led_07   0x00020c    program     static C:\Users\mihai\OneDrive\Documente\####Proiecte finalizate\Brad de craciun\Cod\Cod versiunea 1\Brad de Craciun v1.asm
             DELAY_led_07   0x00020e    program     static C:\Users\mihai\OneDrive\Documente\####Proiecte finalizate\Brad de craciun\Cod\Cod versiunea 1\Brad de Craciun v1.asm
        DELAY_LOOP_led_07   0x000210    program     static C:\Users\mihai\OneDrive\Documente\####Proiecte finalizate\Brad de craciun\Cod\Cod versiunea 1\Brad de Craciun v1.asm
          LOOP_PWM_led_08   0x000213    program     static C:\Users\mihai\OneDrive\Documente\####Proiecte finalizate\Brad de craciun\Cod\Cod versiunea 1\Brad de Craciun v1.asm
          INT_LOOP_led_08   0x000216    program     static C:\Users\mihai\OneDrive\Documente\####Proiecte finalizate\Brad de craciun\Cod\Cod versiunea 1\Brad de Craciun v1.asm
             _.org_0_0219   0x000219    program     static C:\Users\mihai\OneDrive\Documente\####Proiecte finalizate\Brad de craciun\Cod\Cod versiunea 1\Brad de Craciun v1.asm
    DEC_BRIGHTNESS_led_08   0x000223    program     static C:\Users\mihai\OneDrive\Documente\####Proiecte finalizate\Brad de craciun\Cod\Cod versiunea 1\Brad de Craciun v1.asm
        TOGGLE_DIR_led_08   0x000228    program     static C:\Users\mihai\OneDrive\Documente\####Proiecte finalizate\Brad de craciun\Cod\Cod versiunea 1\Brad de Craciun v1.asm
           SET_DIR_led_08   0x00022c    program     static C:\Users\mihai\OneDrive\Documente\####Proiecte finalizate\Brad de craciun\Cod\Cod versiunea 1\Brad de Craciun v1.asm
             DELAY_led_08   0x00022e    program     static C:\Users\mihai\OneDrive\Documente\####Proiecte finalizate\Brad de craciun\Cod\Cod versiunea 1\Brad de Craciun v1.asm
        DELAY_LOOP_led_08   0x000230    program     static C:\Users\mihai\OneDrive\Documente\####Proiecte finalizate\Brad de craciun\Cod\Cod versiunea 1\Brad de Craciun v1.asm
          LOOP_PWM_led_09   0x000233    program     static C:\Users\mihai\OneDrive\Documente\####Proiecte finalizate\Brad de craciun\Cod\Cod versiunea 1\Brad de Craciun v1.asm
          INT_LOOP_led_09   0x000236    program     static C:\Users\mihai\OneDrive\Documente\####Proiecte finalizate\Brad de craciun\Cod\Cod versiunea 1\Brad de Craciun v1.asm
             _.org_0_0239   0x000239    program     static C:\Users\mihai\OneDrive\Documente\####Proiecte finalizate\Brad de craciun\Cod\Cod versiunea 1\Brad de Craciun v1.asm
    DEC_BRIGHTNESS_led_09   0x000243    program     static C:\Users\mihai\OneDrive\Documente\####Proiecte finalizate\Brad de craciun\Cod\Cod versiunea 1\Brad de Craciun v1.asm
        TOGGLE_DIR_led_09   0x000248    program     static C:\Users\mihai\OneDrive\Documente\####Proiecte finalizate\Brad de craciun\Cod\Cod versiunea 1\Brad de Craciun v1.asm
           SET_DIR_led_09   0x00024c    program     static C:\Users\mihai\OneDrive\Documente\####Proiecte finalizate\Brad de craciun\Cod\Cod versiunea 1\Brad de Craciun v1.asm
             DELAY_led_09   0x00024e    program     static C:\Users\mihai\OneDrive\Documente\####Proiecte finalizate\Brad de craciun\Cod\Cod versiunea 1\Brad de Craciun v1.asm
        DELAY_LOOP_led_09   0x000250    program     static C:\Users\mihai\OneDrive\Documente\####Proiecte finalizate\Brad de craciun\Cod\Cod versiunea 1\Brad de Craciun v1.asm
          LOOP_PWM_led_10   0x000253    program     static C:\Users\mihai\OneDrive\Documente\####Proiecte finalizate\Brad de craciun\Cod\Cod versiunea 1\Brad de Craciun v1.asm
          INT_LOOP_led_10   0x000256    program     static C:\Users\mihai\OneDrive\Documente\####Proiecte finalizate\Brad de craciun\Cod\Cod versiunea 1\Brad de Craciun v1.asm
             _.org_0_0259   0x000259    program     static C:\Users\mihai\OneDrive\Documente\####Proiecte finalizate\Brad de craciun\Cod\Cod versiunea 1\Brad de Craciun v1.asm
    DEC_BRIGHTNESS_led_10   0x000263    program     static C:\Users\mihai\OneDrive\Documente\####Proiecte finalizate\Brad de craciun\Cod\Cod versiunea 1\Brad de Craciun v1.asm
        TOGGLE_DIR_led_10   0x000268    program     static C:\Users\mihai\OneDrive\Documente\####Proiecte finalizate\Brad de craciun\Cod\Cod versiunea 1\Brad de Craciun v1.asm
           SET_DIR_led_10   0x00026c    program     static C:\Users\mihai\OneDrive\Documente\####Proiecte finalizate\Brad de craciun\Cod\Cod versiunea 1\Brad de Craciun v1.asm
             DELAY_led_10   0x00026e    program     static C:\Users\mihai\OneDrive\Documente\####Proiecte finalizate\Brad de craciun\Cod\Cod versiunea 1\Brad de Craciun v1.asm
        DELAY_LOOP_led_10   0x000270    program     static C:\Users\mihai\OneDrive\Documente\####Proiecte finalizate\Brad de craciun\Cod\Cod versiunea 1\Brad de Craciun v1.asm
          LOOP_PWM_led_11   0x000273    program     static C:\Users\mihai\OneDrive\Documente\####Proiecte finalizate\Brad de craciun\Cod\Cod versiunea 1\Brad de Craciun v1.asm
          INT_LOOP_led_11   0x000276    program     static C:\Users\mihai\OneDrive\Documente\####Proiecte finalizate\Brad de craciun\Cod\Cod versiunea 1\Brad de Craciun v1.asm
             _.org_0_0279   0x000279    program     static C:\Users\mihai\OneDrive\Documente\####Proiecte finalizate\Brad de craciun\Cod\Cod versiunea 1\Brad de Craciun v1.asm
    DEC_BRIGHTNESS_led_11   0x000283    program     static C:\Users\mihai\OneDrive\Documente\####Proiecte finalizate\Brad de craciun\Cod\Cod versiunea 1\Brad de Craciun v1.asm
        TOGGLE_DIR_led_11   0x000288    program     static C:\Users\mihai\OneDrive\Documente\####Proiecte finalizate\Brad de craciun\Cod\Cod versiunea 1\Brad de Craciun v1.asm
           SET_DIR_led_11   0x00028c    program     static C:\Users\mihai\OneDrive\Documente\####Proiecte finalizate\Brad de craciun\Cod\Cod versiunea 1\Brad de Craciun v1.asm
             DELAY_led_11   0x00028e    program     static C:\Users\mihai\OneDrive\Documente\####Proiecte finalizate\Brad de craciun\Cod\Cod versiunea 1\Brad de Craciun v1.asm
        DELAY_LOOP_led_11   0x000290    program     static C:\Users\mihai\OneDrive\Documente\####Proiecte finalizate\Brad de craciun\Cod\Cod versiunea 1\Brad de Craciun v1.asm
          LOOP_PWM_led_12   0x000293    program     static C:\Users\mihai\OneDrive\Documente\####Proiecte finalizate\Brad de craciun\Cod\Cod versiunea 1\Brad de Craciun v1.asm
          INT_LOOP_led_12   0x000296    program     static C:\Users\mihai\OneDrive\Documente\####Proiecte finalizate\Brad de craciun\Cod\Cod versiunea 1\Brad de Craciun v1.asm
             _.org_0_0299   0x000299    program     static C:\Users\mihai\OneDrive\Documente\####Proiecte finalizate\Brad de craciun\Cod\Cod versiunea 1\Brad de Craciun v1.asm
    DEC_BRIGHTNESS_led_12   0x0002a3    program     static C:\Users\mihai\OneDrive\Documente\####Proiecte finalizate\Brad de craciun\Cod\Cod versiunea 1\Brad de Craciun v1.asm
        TOGGLE_DIR_led_12   0x0002a8    program     static C:\Users\mihai\OneDrive\Documente\####Proiecte finalizate\Brad de craciun\Cod\Cod versiunea 1\Brad de Craciun v1.asm
           SET_DIR_led_12   0x0002ac    program     static C:\Users\mihai\OneDrive\Documente\####Proiecte finalizate\Brad de craciun\Cod\Cod versiunea 1\Brad de Craciun v1.asm
             DELAY_led_12   0x0002ae    program     static C:\Users\mihai\OneDrive\Documente\####Proiecte finalizate\Brad de craciun\Cod\Cod versiunea 1\Brad de Craciun v1.asm
        DELAY_LOOP_led_12   0x0002b0    program     static C:\Users\mihai\OneDrive\Documente\####Proiecte finalizate\Brad de craciun\Cod\Cod versiunea 1\Brad de Craciun v1.asm
          LOOP_PWM_led_13   0x0002b3    program     static C:\Users\mihai\OneDrive\Documente\####Proiecte finalizate\Brad de craciun\Cod\Cod versiunea 1\Brad de Craciun v1.asm
          INT_LOOP_led_13   0x0002b6    program     static C:\Users\mihai\OneDrive\Documente\####Proiecte finalizate\Brad de craciun\Cod\Cod versiunea 1\Brad de Craciun v1.asm
             _.org_0_02B9   0x0002b9    program     static C:\Users\mihai\OneDrive\Documente\####Proiecte finalizate\Brad de craciun\Cod\Cod versiunea 1\Brad de Craciun v1.asm
    DEC_BRIGHTNESS_led_13   0x0002c3    program     static C:\Users\mihai\OneDrive\Documente\####Proiecte finalizate\Brad de craciun\Cod\Cod versiunea 1\Brad de Craciun v1.asm
        TOGGLE_DIR_led_13   0x0002c8    program     static C:\Users\mihai\OneDrive\Documente\####Proiecte finalizate\Brad de craciun\Cod\Cod versiunea 1\Brad de Craciun v1.asm
           SET_DIR_led_13   0x0002cc    program     static C:\Users\mihai\OneDrive\Documente\####Proiecte finalizate\Brad de craciun\Cod\Cod versiunea 1\Brad de Craciun v1.asm
             DELAY_led_13   0x0002ce    program     static C:\Users\mihai\OneDrive\Documente\####Proiecte finalizate\Brad de craciun\Cod\Cod versiunea 1\Brad de Craciun v1.asm
        DELAY_LOOP_led_13   0x0002d0    program     static C:\Users\mihai\OneDrive\Documente\####Proiecte finalizate\Brad de craciun\Cod\Cod versiunea 1\Brad de Craciun v1.asm
          LOOP_PWM_led_14   0x0002d3    program     static C:\Users\mihai\OneDrive\Documente\####Proiecte finalizate\Brad de craciun\Cod\Cod versiunea 1\Brad de Craciun v1.asm
          INT_LOOP_led_14   0x0002d6    program     static C:\Users\mihai\OneDrive\Documente\####Proiecte finalizate\Brad de craciun\Cod\Cod versiunea 1\Brad de Craciun v1.asm
             _.org_0_02D9   0x0002d9    program     static C:\Users\mihai\OneDrive\Documente\####Proiecte finalizate\Brad de craciun\Cod\Cod versiunea 1\Brad de Craciun v1.asm
    DEC_BRIGHTNESS_led_14   0x0002e3    program     static C:\Users\mihai\OneDrive\Documente\####Proiecte finalizate\Brad de craciun\Cod\Cod versiunea 1\Brad de Craciun v1.asm
        TOGGLE_DIR_led_14   0x0002e8    program     static C:\Users\mihai\OneDrive\Documente\####Proiecte finalizate\Brad de craciun\Cod\Cod versiunea 1\Brad de Craciun v1.asm
           SET_DIR_led_14   0x0002ec    program     static C:\Users\mihai\OneDrive\Documente\####Proiecte finalizate\Brad de craciun\Cod\Cod versiunea 1\Brad de Craciun v1.asm
             DELAY_led_14   0x0002ee    program     static C:\Users\mihai\OneDrive\Documente\####Proiecte finalizate\Brad de craciun\Cod\Cod versiunea 1\Brad de Craciun v1.asm
        DELAY_LOOP_led_14   0x0002f0    program     static C:\Users\mihai\OneDrive\Documente\####Proiecte finalizate\Brad de craciun\Cod\Cod versiunea 1\Brad de Craciun v1.asm
          LOOP_PWM_led_15   0x0002f3    program     static C:\Users\mihai\OneDrive\Documente\####Proiecte finalizate\Brad de craciun\Cod\Cod versiunea 1\Brad de Craciun v1.asm
          INT_LOOP_led_15   0x0002f6    program     static C:\Users\mihai\OneDrive\Documente\####Proiecte finalizate\Brad de craciun\Cod\Cod versiunea 1\Brad de Craciun v1.asm
             _.org_0_02F9   0x0002f9    program     static C:\Users\mihai\OneDrive\Documente\####Proiecte finalizate\Brad de craciun\Cod\Cod versiunea 1\Brad de Craciun v1.asm
    DEC_BRIGHTNESS_led_15   0x000303    program     static C:\Users\mihai\OneDrive\Documente\####Proiecte finalizate\Brad de craciun\Cod\Cod versiunea 1\Brad de Craciun v1.asm
        TOGGLE_DIR_led_15   0x000308    program     static C:\Users\mihai\OneDrive\Documente\####Proiecte finalizate\Brad de craciun\Cod\Cod versiunea 1\Brad de Craciun v1.asm
           SET_DIR_led_15   0x00030c    program     static C:\Users\mihai\OneDrive\Documente\####Proiecte finalizate\Brad de craciun\Cod\Cod versiunea 1\Brad de Craciun v1.asm
             DELAY_led_15   0x00030e    program     static C:\Users\mihai\OneDrive\Documente\####Proiecte finalizate\Brad de craciun\Cod\Cod versiunea 1\Brad de Craciun v1.asm
        DELAY_LOOP_led_15   0x000310    program     static C:\Users\mihai\OneDrive\Documente\####Proiecte finalizate\Brad de craciun\Cod\Cod versiunea 1\Brad de Craciun v1.asm
          LOOP_PWM_led_16   0x000313    program     static C:\Users\mihai\OneDrive\Documente\####Proiecte finalizate\Brad de craciun\Cod\Cod versiunea 1\Brad de Craciun v1.asm
          INT_LOOP_led_16   0x000316    program     static C:\Users\mihai\OneDrive\Documente\####Proiecte finalizate\Brad de craciun\Cod\Cod versiunea 1\Brad de Craciun v1.asm
             _.org_0_0319   0x000319    program     static C:\Users\mihai\OneDrive\Documente\####Proiecte finalizate\Brad de craciun\Cod\Cod versiunea 1\Brad de Craciun v1.asm
    DEC_BRIGHTNESS_led_16   0x000323    program     static C:\Users\mihai\OneDrive\Documente\####Proiecte finalizate\Brad de craciun\Cod\Cod versiunea 1\Brad de Craciun v1.asm
        TOGGLE_DIR_led_16   0x000328    program     static C:\Users\mihai\OneDrive\Documente\####Proiecte finalizate\Brad de craciun\Cod\Cod versiunea 1\Brad de Craciun v1.asm
           SET_DIR_led_16   0x00032c    program     static C:\Users\mihai\OneDrive\Documente\####Proiecte finalizate\Brad de craciun\Cod\Cod versiunea 1\Brad de Craciun v1.asm
             DELAY_led_16   0x00032e    program     static C:\Users\mihai\OneDrive\Documente\####Proiecte finalizate\Brad de craciun\Cod\Cod versiunea 1\Brad de Craciun v1.asm
        DELAY_LOOP_led_16   0x000330    program     static C:\Users\mihai\OneDrive\Documente\####Proiecte finalizate\Brad de craciun\Cod\Cod versiunea 1\Brad de Craciun v1.asm
          LOOP_PWM_led_17   0x000333    program     static C:\Users\mihai\OneDrive\Documente\####Proiecte finalizate\Brad de craciun\Cod\Cod versiunea 1\Brad de Craciun v1.asm
          INT_LOOP_led_17   0x000336    program     static C:\Users\mihai\OneDrive\Documente\####Proiecte finalizate\Brad de craciun\Cod\Cod versiunea 1\Brad de Craciun v1.asm
             _.org_0_0339   0x000339    program     static C:\Users\mihai\OneDrive\Documente\####Proiecte finalizate\Brad de craciun\Cod\Cod versiunea 1\Brad de Craciun v1.asm
    DEC_BRIGHTNESS_led_17   0x000343    program     static C:\Users\mihai\OneDrive\Documente\####Proiecte finalizate\Brad de craciun\Cod\Cod versiunea 1\Brad de Craciun v1.asm
        TOGGLE_DIR_led_17   0x000348    program     static C:\Users\mihai\OneDrive\Documente\####Proiecte finalizate\Brad de craciun\Cod\Cod versiunea 1\Brad de Craciun v1.asm
           SET_DIR_led_17   0x00034c    program     static C:\Users\mihai\OneDrive\Documente\####Proiecte finalizate\Brad de craciun\Cod\Cod versiunea 1\Brad de Craciun v1.asm
             DELAY_led_17   0x00034e    program     static C:\Users\mihai\OneDrive\Documente\####Proiecte finalizate\Brad de craciun\Cod\Cod versiunea 1\Brad de Craciun v1.asm
        DELAY_LOOP_led_17   0x000350    program     static C:\Users\mihai\OneDrive\Documente\####Proiecte finalizate\Brad de craciun\Cod\Cod versiunea 1\Brad de Craciun v1.asm
          LOOP_PWM_led_18   0x000353    program     static C:\Users\mihai\OneDrive\Documente\####Proiecte finalizate\Brad de craciun\Cod\Cod versiunea 1\Brad de Craciun v1.asm
          INT_LOOP_led_18   0x000356    program     static C:\Users\mihai\OneDrive\Documente\####Proiecte finalizate\Brad de craciun\Cod\Cod versiunea 1\Brad de Craciun v1.asm
             _.org_0_0359   0x000359    program     static C:\Users\mihai\OneDrive\Documente\####Proiecte finalizate\Brad de craciun\Cod\Cod versiunea 1\Brad de Craciun v1.asm
    DEC_BRIGHTNESS_led_18   0x000363    program     static C:\Users\mihai\OneDrive\Documente\####Proiecte finalizate\Brad de craciun\Cod\Cod versiunea 1\Brad de Craciun v1.asm
        TOGGLE_DIR_led_18   0x000368    program     static C:\Users\mihai\OneDrive\Documente\####Proiecte finalizate\Brad de craciun\Cod\Cod versiunea 1\Brad de Craciun v1.asm
           SET_DIR_led_18   0x00036c    program     static C:\Users\mihai\OneDrive\Documente\####Proiecte finalizate\Brad de craciun\Cod\Cod versiunea 1\Brad de Craciun v1.asm
             DELAY_led_18   0x00036e    program     static C:\Users\mihai\OneDrive\Documente\####Proiecte finalizate\Brad de craciun\Cod\Cod versiunea 1\Brad de Craciun v1.asm
        DELAY_LOOP_led_18   0x000370    program     static C:\Users\mihai\OneDrive\Documente\####Proiecte finalizate\Brad de craciun\Cod\Cod versiunea 1\Brad de Craciun v1.asm
          LOOP_PWM_led_19   0x000373    program     static C:\Users\mihai\OneDrive\Documente\####Proiecte finalizate\Brad de craciun\Cod\Cod versiunea 1\Brad de Craciun v1.asm
          INT_LOOP_led_19   0x000376    program     static C:\Users\mihai\OneDrive\Documente\####Proiecte finalizate\Brad de craciun\Cod\Cod versiunea 1\Brad de Craciun v1.asm
             _.org_0_0379   0x000379    program     static C:\Users\mihai\OneDrive\Documente\####Proiecte finalizate\Brad de craciun\Cod\Cod versiunea 1\Brad de Craciun v1.asm
    DEC_BRIGHTNESS_led_19   0x000383    program     static C:\Users\mihai\OneDrive\Documente\####Proiecte finalizate\Brad de craciun\Cod\Cod versiunea 1\Brad de Craciun v1.asm
        TOGGLE_DIR_led_19   0x000388    program     static C:\Users\mihai\OneDrive\Documente\####Proiecte finalizate\Brad de craciun\Cod\Cod versiunea 1\Brad de Craciun v1.asm
           SET_DIR_led_19   0x00038c    program     static C:\Users\mihai\OneDrive\Documente\####Proiecte finalizate\Brad de craciun\Cod\Cod versiunea 1\Brad de Craciun v1.asm
             DELAY_led_19   0x00038e    program     static C:\Users\mihai\OneDrive\Documente\####Proiecte finalizate\Brad de craciun\Cod\Cod versiunea 1\Brad de Craciun v1.asm
        DELAY_LOOP_led_19   0x000390    program     static C:\Users\mihai\OneDrive\Documente\####Proiecte finalizate\Brad de craciun\Cod\Cod versiunea 1\Brad de Craciun v1.asm
          LOOP_PWM_led_20   0x000393    program     static C:\Users\mihai\OneDrive\Documente\####Proiecte finalizate\Brad de craciun\Cod\Cod versiunea 1\Brad de Craciun v1.asm
          INT_LOOP_led_20   0x000396    program     static C:\Users\mihai\OneDrive\Documente\####Proiecte finalizate\Brad de craciun\Cod\Cod versiunea 1\Brad de Craciun v1.asm
             _.org_0_0399   0x000399    program     static C:\Users\mihai\OneDrive\Documente\####Proiecte finalizate\Brad de craciun\Cod\Cod versiunea 1\Brad de Craciun v1.asm
    DEC_BRIGHTNESS_led_20   0x0003a3    program     static C:\Users\mihai\OneDrive\Documente\####Proiecte finalizate\Brad de craciun\Cod\Cod versiunea 1\Brad de Craciun v1.asm
        TOGGLE_DIR_led_20   0x0003a8    program     static C:\Users\mihai\OneDrive\Documente\####Proiecte finalizate\Brad de craciun\Cod\Cod versiunea 1\Brad de Craciun v1.asm
           SET_DIR_led_20   0x0003ac    program     static C:\Users\mihai\OneDrive\Documente\####Proiecte finalizate\Brad de craciun\Cod\Cod versiunea 1\Brad de Craciun v1.asm
             DELAY_led_20   0x0003ae    program     static C:\Users\mihai\OneDrive\Documente\####Proiecte finalizate\Brad de craciun\Cod\Cod versiunea 1\Brad de Craciun v1.asm
        DELAY_LOOP_led_20   0x0003b0    program     static C:\Users\mihai\OneDrive\Documente\####Proiecte finalizate\Brad de craciun\Cod\Cod versiunea 1\Brad de Craciun v1.asm
                Delay_1ms   0x0003b3    program     static C:\Users\mihai\OneDrive\Documente\####Proiecte finalizate\Brad de craciun\Cod\Cod versiunea 1\Brad de Craciun v1.asm
                Delay_001   0x0003b7    program     static C:\Users\mihai\OneDrive\Documente\####Proiecte finalizate\Brad de craciun\Cod\Cod versiunea 1\Brad de Craciun v1.asm
             _.org_0_03B8   0x0003b8    program     static C:\Users\mihai\OneDrive\Documente\####Proiecte finalizate\Brad de craciun\Cod\Cod versiunea 1\Brad de Craciun v1.asm
             _.org_0_03BB   0x0003bb    program     static C:\Users\mihai\OneDrive\Documente\####Proiecte finalizate\Brad de craciun\Cod\Cod versiunea 1\Brad de Craciun v1.asm
               Delay_10ms   0x0003be    program     static C:\Users\mihai\OneDrive\Documente\####Proiecte finalizate\Brad de craciun\Cod\Cod versiunea 1\Brad de Craciun v1.asm
                Delay_010   0x0003c2    program     static C:\Users\mihai\OneDrive\Documente\####Proiecte finalizate\Brad de craciun\Cod\Cod versiunea 1\Brad de Craciun v1.asm
             _.org_0_03C3   0x0003c3    program     static C:\Users\mihai\OneDrive\Documente\####Proiecte finalizate\Brad de craciun\Cod\Cod versiunea 1\Brad de Craciun v1.asm
             _.org_0_03C6   0x0003c6    program     static C:\Users\mihai\OneDrive\Documente\####Proiecte finalizate\Brad de craciun\Cod\Cod versiunea 1\Brad de Craciun v1.asm
              Delay_100ms   0x0003c9    program     static C:\Users\mihai\OneDrive\Documente\####Proiecte finalizate\Brad de craciun\Cod\Cod versiunea 1\Brad de Craciun v1.asm
               Delay_0100   0x0003cd    program     static C:\Users\mihai\OneDrive\Documente\####Proiecte finalizate\Brad de craciun\Cod\Cod versiunea 1\Brad de Craciun v1.asm
             _.org_0_03CE   0x0003ce    program     static C:\Users\mihai\OneDrive\Documente\####Proiecte finalizate\Brad de craciun\Cod\Cod versiunea 1\Brad de Craciun v1.asm
             _.org_0_03D1   0x0003d1    program     static C:\Users\mihai\OneDrive\Documente\####Proiecte finalizate\Brad de craciun\Cod\Cod versiunea 1\Brad de Craciun v1.asm
              Delay_500ms   0x0003d4    program     static C:\Users\mihai\OneDrive\Documente\####Proiecte finalizate\Brad de craciun\Cod\Cod versiunea 1\Brad de Craciun v1.asm
               Delay_0500   0x0003da    program     static C:\Users\mihai\OneDrive\Documente\####Proiecte finalizate\Brad de craciun\Cod\Cod versiunea 1\Brad de Craciun v1.asm
             _.org_0_03DB   0x0003db    program     static C:\Users\mihai\OneDrive\Documente\####Proiecte finalizate\Brad de craciun\Cod\Cod versiunea 1\Brad de Craciun v1.asm
             _.org_0_03DD   0x0003dd    program     static C:\Users\mihai\OneDrive\Documente\####Proiecte finalizate\Brad de craciun\Cod\Cod versiunea 1\Brad de Craciun v1.asm
             _.org_0_03E0   0x0003e0    program     static C:\Users\mihai\OneDrive\Documente\####Proiecte finalizate\Brad de craciun\Cod\Cod versiunea 1\Brad de Craciun v1.asm


