MPLINK 4.49, Linker
Linker Map File - Created Thu Dec 07 10:53:08 2023

                                 Section Info
                  Section       Type    Address   Location Size(Bytes)
                ---------  ---------  ---------  ---------  ---------
                   .org_0       code   0x000000    program   0x0007e2
                   .cinit    romdata   0x0003f1    program   0x000004
.config_2007_BRAD DE CRACIUN V3.O       code   0x002007    program   0x000002



                              Program Memory Usage 
                               Start         End      
                           ---------   ---------      
                            0x000000    0x0003f2      
                            0x002007    0x002007      
            1012 out of 1158 program addresses used, program memory utilization is 87%



                              Symbols - Sorted by Name
                     Name    Address   Location    Storage File                     
                ---------  ---------  ---------  --------- ---------                
             Bucla_random   0x000278    program     static C:\Users\mihai\OneDrive\Documente\####Proiecte finalizate\Brad de craciun\Cod\Cod versiunea 3\Brad de Craciun v3.asm
    DEC_BRIGHTNESS_led_01   0x000346    program     static C:\Users\mihai\OneDrive\Documente\####Proiecte finalizate\Brad de craciun\Cod\Cod versiunea 3\Brad de Craciun v3.asm
    DEC_BRIGHTNESS_led_03   0x000361    program     static C:\Users\mihai\OneDrive\Documente\####Proiecte finalizate\Brad de craciun\Cod\Cod versiunea 3\Brad de Craciun v3.asm
    DEC_BRIGHTNESS_led_07   0x0003b2    program     static C:\Users\mihai\OneDrive\Documente\####Proiecte finalizate\Brad de craciun\Cod\Cod versiunea 3\Brad de Craciun v3.asm
    DEC_BRIGHTNESS_led_10   0x00037c    program     static C:\Users\mihai\OneDrive\Documente\####Proiecte finalizate\Brad de craciun\Cod\Cod versiunea 3\Brad de Craciun v3.asm
    DEC_BRIGHTNESS_led_16   0x000397    program     static C:\Users\mihai\OneDrive\Documente\####Proiecte finalizate\Brad de craciun\Cod\Cod versiunea 3\Brad de Craciun v3.asm
           DELAY_LOOP_led   0x0003bf    program     static C:\Users\mihai\OneDrive\Documente\####Proiecte finalizate\Brad de craciun\Cod\Cod versiunea 3\Brad de Craciun v3.asm
                DELAY_led   0x0003bd    program     static C:\Users\mihai\OneDrive\Documente\####Proiecte finalizate\Brad de craciun\Cod\Cod versiunea 3\Brad de Craciun v3.asm
                Delay_001   0x0003c6    program     static C:\Users\mihai\OneDrive\Documente\####Proiecte finalizate\Brad de craciun\Cod\Cod versiunea 3\Brad de Craciun v3.asm
                Delay_010   0x0003d1    program     static C:\Users\mihai\OneDrive\Documente\####Proiecte finalizate\Brad de craciun\Cod\Cod versiunea 3\Brad de Craciun v3.asm
               Delay_0100   0x0003dc    program     static C:\Users\mihai\OneDrive\Documente\####Proiecte finalizate\Brad de craciun\Cod\Cod versiunea 3\Brad de Craciun v3.asm
               Delay_0500   0x0003e9    program     static C:\Users\mihai\OneDrive\Documente\####Proiecte finalizate\Brad de craciun\Cod\Cod versiunea 3\Brad de Craciun v3.asm
              Delay_100ms   0x0003d8    program     static C:\Users\mihai\OneDrive\Documente\####Proiecte finalizate\Brad de craciun\Cod\Cod versiunea 3\Brad de Craciun v3.asm
               Delay_10ms   0x0003cd    program     static C:\Users\mihai\OneDrive\Documente\####Proiecte finalizate\Brad de craciun\Cod\Cod versiunea 3\Brad de Craciun v3.asm
                Delay_1ms   0x0003c2    program     static C:\Users\mihai\OneDrive\Documente\####Proiecte finalizate\Brad de craciun\Cod\Cod versiunea 3\Brad de Craciun v3.asm
              Delay_500ms   0x0003e3    program     static C:\Users\mihai\OneDrive\Documente\####Proiecte finalizate\Brad de craciun\Cod\Cod versiunea 3\Brad de Craciun v3.asm
          INT_LOOP_led_01   0x000339    program     static C:\Users\mihai\OneDrive\Documente\####Proiecte finalizate\Brad de craciun\Cod\Cod versiunea 3\Brad de Craciun v3.asm
          INT_LOOP_led_03   0x000354    program     static C:\Users\mihai\OneDrive\Documente\####Proiecte finalizate\Brad de craciun\Cod\Cod versiunea 3\Brad de Craciun v3.asm
          INT_LOOP_led_07   0x0003a5    program     static C:\Users\mihai\OneDrive\Documente\####Proiecte finalizate\Brad de craciun\Cod\Cod versiunea 3\Brad de Craciun v3.asm
          INT_LOOP_led_10   0x00036f    program     static C:\Users\mihai\OneDrive\Documente\####Proiecte finalizate\Brad de craciun\Cod\Cod versiunea 3\Brad de Craciun v3.asm
          INT_LOOP_led_16   0x00038a    program     static C:\Users\mihai\OneDrive\Documente\####Proiecte finalizate\Brad de craciun\Cod\Cod versiunea 3\Brad de Craciun v3.asm
               Initialize   0x000001    program     static C:\Users\mihai\OneDrive\Documente\####Proiecte finalizate\Brad de craciun\Cod\Cod versiunea 3\Brad de Craciun v3.asm
          LOOP_PWM_led_01   0x000336    program     static C:\Users\mihai\OneDrive\Documente\####Proiecte finalizate\Brad de craciun\Cod\Cod versiunea 3\Brad de Craciun v3.asm
          LOOP_PWM_led_03   0x000351    program     static C:\Users\mihai\OneDrive\Documente\####Proiecte finalizate\Brad de craciun\Cod\Cod versiunea 3\Brad de Craciun v3.asm
          LOOP_PWM_led_07   0x0003a2    program     static C:\Users\mihai\OneDrive\Documente\####Proiecte finalizate\Brad de craciun\Cod\Cod versiunea 3\Brad de Craciun v3.asm
          LOOP_PWM_led_10   0x00036c    program     static C:\Users\mihai\OneDrive\Documente\####Proiecte finalizate\Brad de craciun\Cod\Cod versiunea 3\Brad de Craciun v3.asm
          LOOP_PWM_led_16   0x000387    program     static C:\Users\mihai\OneDrive\Documente\####Proiecte finalizate\Brad de craciun\Cod\Cod versiunea 3\Brad de Craciun v3.asm
                   Led_01   0x0002aa    program     static C:\Users\mihai\OneDrive\Documente\####Proiecte finalizate\Brad de craciun\Cod\Cod versiunea 3\Brad de Craciun v3.asm
                   Led_02   0x0002b1    program     static C:\Users\mihai\OneDrive\Documente\####Proiecte finalizate\Brad de craciun\Cod\Cod versiunea 3\Brad de Craciun v3.asm
                   Led_03   0x0002b8    program     static C:\Users\mihai\OneDrive\Documente\####Proiecte finalizate\Brad de craciun\Cod\Cod versiunea 3\Brad de Craciun v3.asm
                   Led_04   0x0002bf    program     static C:\Users\mihai\OneDrive\Documente\####Proiecte finalizate\Brad de craciun\Cod\Cod versiunea 3\Brad de Craciun v3.asm
                   Led_05   0x0002c6    program     static C:\Users\mihai\OneDrive\Documente\####Proiecte finalizate\Brad de craciun\Cod\Cod versiunea 3\Brad de Craciun v3.asm
                   Led_06   0x0002cd    program     static C:\Users\mihai\OneDrive\Documente\####Proiecte finalizate\Brad de craciun\Cod\Cod versiunea 3\Brad de Craciun v3.asm
                   Led_07   0x0002d4    program     static C:\Users\mihai\OneDrive\Documente\####Proiecte finalizate\Brad de craciun\Cod\Cod versiunea 3\Brad de Craciun v3.asm
                   Led_08   0x0002db    program     static C:\Users\mihai\OneDrive\Documente\####Proiecte finalizate\Brad de craciun\Cod\Cod versiunea 3\Brad de Craciun v3.asm
                   Led_09   0x0002e2    program     static C:\Users\mihai\OneDrive\Documente\####Proiecte finalizate\Brad de craciun\Cod\Cod versiunea 3\Brad de Craciun v3.asm
                   Led_10   0x0002e9    program     static C:\Users\mihai\OneDrive\Documente\####Proiecte finalizate\Brad de craciun\Cod\Cod versiunea 3\Brad de Craciun v3.asm
                   Led_11   0x0002f0    program     static C:\Users\mihai\OneDrive\Documente\####Proiecte finalizate\Brad de craciun\Cod\Cod versiunea 3\Brad de Craciun v3.asm
                   Led_12   0x0002f7    program     static C:\Users\mihai\OneDrive\Documente\####Proiecte finalizate\Brad de craciun\Cod\Cod versiunea 3\Brad de Craciun v3.asm
                   Led_13   0x0002fe    program     static C:\Users\mihai\OneDrive\Documente\####Proiecte finalizate\Brad de craciun\Cod\Cod versiunea 3\Brad de Craciun v3.asm
                   Led_14   0x000305    program     static C:\Users\mihai\OneDrive\Documente\####Proiecte finalizate\Brad de craciun\Cod\Cod versiunea 3\Brad de Craciun v3.asm
                   Led_15   0x00030c    program     static C:\Users\mihai\OneDrive\Documente\####Proiecte finalizate\Brad de craciun\Cod\Cod versiunea 3\Brad de Craciun v3.asm
                   Led_16   0x000313    program     static C:\Users\mihai\OneDrive\Documente\####Proiecte finalizate\Brad de craciun\Cod\Cod versiunea 3\Brad de Craciun v3.asm
                   Led_17   0x00031a    program     static C:\Users\mihai\OneDrive\Documente\####Proiecte finalizate\Brad de craciun\Cod\Cod versiunea 3\Brad de Craciun v3.asm
                   Led_18   0x000321    program     static C:\Users\mihai\OneDrive\Documente\####Proiecte finalizate\Brad de craciun\Cod\Cod versiunea 3\Brad de Craciun v3.asm
                   Led_19   0x000328    program     static C:\Users\mihai\OneDrive\Documente\####Proiecte finalizate\Brad de craciun\Cod\Cod versiunea 3\Brad de Craciun v3.asm
                   Led_20   0x00032f    program     static C:\Users\mihai\OneDrive\Documente\####Proiecte finalizate\Brad de craciun\Cod\Cod versiunea 3\Brad de Craciun v3.asm
                  Led_off   0x0002a3    program     static C:\Users\mihai\OneDrive\Documente\####Proiecte finalizate\Brad de craciun\Cod\Cod versiunea 3\Brad de Craciun v3.asm
           SET_DIR_led_01   0x00034f    program     static C:\Users\mihai\OneDrive\Documente\####Proiecte finalizate\Brad de craciun\Cod\Cod versiunea 3\Brad de Craciun v3.asm
           SET_DIR_led_03   0x00036a    program     static C:\Users\mihai\OneDrive\Documente\####Proiecte finalizate\Brad de craciun\Cod\Cod versiunea 3\Brad de Craciun v3.asm
           SET_DIR_led_07   0x0003bb    program     static C:\Users\mihai\OneDrive\Documente\####Proiecte finalizate\Brad de craciun\Cod\Cod versiunea 3\Brad de Craciun v3.asm
           SET_DIR_led_10   0x000385    program     static C:\Users\mihai\OneDrive\Documente\####Proiecte finalizate\Brad de craciun\Cod\Cod versiunea 3\Brad de Craciun v3.asm
           SET_DIR_led_16   0x0003a0    program     static C:\Users\mihai\OneDrive\Documente\####Proiecte finalizate\Brad de craciun\Cod\Cod versiunea 3\Brad de Craciun v3.asm
        TOGGLE_DIR_led_01   0x00034b    program     static C:\Users\mihai\OneDrive\Documente\####Proiecte finalizate\Brad de craciun\Cod\Cod versiunea 3\Brad de Craciun v3.asm
        TOGGLE_DIR_led_03   0x000366    program     static C:\Users\mihai\OneDrive\Documente\####Proiecte finalizate\Brad de craciun\Cod\Cod versiunea 3\Brad de Craciun v3.asm
        TOGGLE_DIR_led_07   0x0003b7    program     static C:\Users\mihai\OneDrive\Documente\####Proiecte finalizate\Brad de craciun\Cod\Cod versiunea 3\Brad de Craciun v3.asm
        TOGGLE_DIR_led_10   0x000381    program     static C:\Users\mihai\OneDrive\Documente\####Proiecte finalizate\Brad de craciun\Cod\Cod versiunea 3\Brad de Craciun v3.asm
        TOGGLE_DIR_led_16   0x00039c    program     static C:\Users\mihai\OneDrive\Documente\####Proiecte finalizate\Brad de craciun\Cod\Cod versiunea 3\Brad de Craciun v3.asm
             _.org_0_033C   0x00033c    program     static C:\Users\mihai\OneDrive\Documente\####Proiecte finalizate\Brad de craciun\Cod\Cod versiunea 3\Brad de Craciun v3.asm
             _.org_0_0357   0x000357    program     static C:\Users\mihai\OneDrive\Documente\####Proiecte finalizate\Brad de craciun\Cod\Cod versiunea 3\Brad de Craciun v3.asm
             _.org_0_0372   0x000372    program     static C:\Users\mihai\OneDrive\Documente\####Proiecte finalizate\Brad de craciun\Cod\Cod versiunea 3\Brad de Craciun v3.asm
             _.org_0_038D   0x00038d    program     static C:\Users\mihai\OneDrive\Documente\####Proiecte finalizate\Brad de craciun\Cod\Cod versiunea 3\Brad de Craciun v3.asm
             _.org_0_03A8   0x0003a8    program     static C:\Users\mihai\OneDrive\Documente\####Proiecte finalizate\Brad de craciun\Cod\Cod versiunea 3\Brad de Craciun v3.asm
             _.org_0_03C7   0x0003c7    program     static C:\Users\mihai\OneDrive\Documente\####Proiecte finalizate\Brad de craciun\Cod\Cod versiunea 3\Brad de Craciun v3.asm
             _.org_0_03CA   0x0003ca    program     static C:\Users\mihai\OneDrive\Documente\####Proiecte finalizate\Brad de craciun\Cod\Cod versiunea 3\Brad de Craciun v3.asm
             _.org_0_03D2   0x0003d2    program     static C:\Users\mihai\OneDrive\Documente\####Proiecte finalizate\Brad de craciun\Cod\Cod versiunea 3\Brad de Craciun v3.asm
             _.org_0_03D5   0x0003d5    program     static C:\Users\mihai\OneDrive\Documente\####Proiecte finalizate\Brad de craciun\Cod\Cod versiunea 3\Brad de Craciun v3.asm
             _.org_0_03DD   0x0003dd    program     static C:\Users\mihai\OneDrive\Documente\####Proiecte finalizate\Brad de craciun\Cod\Cod versiunea 3\Brad de Craciun v3.asm
             _.org_0_03E0   0x0003e0    program     static C:\Users\mihai\OneDrive\Documente\####Proiecte finalizate\Brad de craciun\Cod\Cod versiunea 3\Brad de Craciun v3.asm
             _.org_0_03EA   0x0003ea    program     static C:\Users\mihai\OneDrive\Documente\####Proiecte finalizate\Brad de craciun\Cod\Cod versiunea 3\Brad de Craciun v3.asm
             _.org_0_03EC   0x0003ec    program     static C:\Users\mihai\OneDrive\Documente\####Proiecte finalizate\Brad de craciun\Cod\Cod versiunea 3\Brad de Craciun v3.asm
             _.org_0_03EF   0x0003ef    program     static C:\Users\mihai\OneDrive\Documente\####Proiecte finalizate\Brad de craciun\Cod\Cod versiunea 3\Brad de Craciun v3.asm
                    bucla   0x000013    program     static C:\Users\mihai\OneDrive\Documente\####Proiecte finalizate\Brad de craciun\Cod\Cod versiunea 3\Brad de Craciun v3.asm
            executa_bucla   0x0002a0    program     static C:\Users\mihai\OneDrive\Documente\####Proiecte finalizate\Brad de craciun\Cod\Cod versiunea 3\Brad de Craciun v3.asm
             led_01_to_01   0x000084    program     static C:\Users\mihai\OneDrive\Documente\####Proiecte finalizate\Brad de craciun\Cod\Cod versiunea 3\Brad de Craciun v3.asm
       led_01_to_01_bucla   0x000085    program     static C:\Users\mihai\OneDrive\Documente\####Proiecte finalizate\Brad de craciun\Cod\Cod versiunea 3\Brad de Craciun v3.asm
             led_01_to_02   0x00008a    program     static C:\Users\mihai\OneDrive\Documente\####Proiecte finalizate\Brad de craciun\Cod\Cod versiunea 3\Brad de Craciun v3.asm
       led_01_to_02_bucla   0x00008b    program     static C:\Users\mihai\OneDrive\Documente\####Proiecte finalizate\Brad de craciun\Cod\Cod versiunea 3\Brad de Craciun v3.asm
             led_01_to_03   0x000102    program     static C:\Users\mihai\OneDrive\Documente\####Proiecte finalizate\Brad de craciun\Cod\Cod versiunea 3\Brad de Craciun v3.asm
       led_01_to_03_bucla   0x000103    program     static C:\Users\mihai\OneDrive\Documente\####Proiecte finalizate\Brad de craciun\Cod\Cod versiunea 3\Brad de Craciun v3.asm
             led_01_to_04   0x00009c    program     static C:\Users\mihai\OneDrive\Documente\####Proiecte finalizate\Brad de craciun\Cod\Cod versiunea 3\Brad de Craciun v3.asm
       led_01_to_04_bucla   0x00009d    program     static C:\Users\mihai\OneDrive\Documente\####Proiecte finalizate\Brad de craciun\Cod\Cod versiunea 3\Brad de Craciun v3.asm
             led_01_to_05   0x0000d8    program     static C:\Users\mihai\OneDrive\Documente\####Proiecte finalizate\Brad de craciun\Cod\Cod versiunea 3\Brad de Craciun v3.asm
       led_01_to_05_bucla   0x0000d9    program     static C:\Users\mihai\OneDrive\Documente\####Proiecte finalizate\Brad de craciun\Cod\Cod versiunea 3\Brad de Craciun v3.asm
             led_01_to_06   0x0000b6    program     static C:\Users\mihai\OneDrive\Documente\####Proiecte finalizate\Brad de craciun\Cod\Cod versiunea 3\Brad de Craciun v3.asm
       led_01_to_06_bucla   0x0000b7    program     static C:\Users\mihai\OneDrive\Documente\####Proiecte finalizate\Brad de craciun\Cod\Cod versiunea 3\Brad de Craciun v3.asm
             led_01_to_07   0x000134    program     static C:\Users\mihai\OneDrive\Documente\####Proiecte finalizate\Brad de craciun\Cod\Cod versiunea 3\Brad de Craciun v3.asm
       led_01_to_07_bucla   0x000135    program     static C:\Users\mihai\OneDrive\Documente\####Proiecte finalizate\Brad de craciun\Cod\Cod versiunea 3\Brad de Craciun v3.asm
             led_01_to_08   0x000092    program     static C:\Users\mihai\OneDrive\Documente\####Proiecte finalizate\Brad de craciun\Cod\Cod versiunea 3\Brad de Craciun v3.asm
       led_01_to_08_bucla   0x000093    program     static C:\Users\mihai\OneDrive\Documente\####Proiecte finalizate\Brad de craciun\Cod\Cod versiunea 3\Brad de Craciun v3.asm
             led_01_to_09   0x00011a    program     static C:\Users\mihai\OneDrive\Documente\####Proiecte finalizate\Brad de craciun\Cod\Cod versiunea 3\Brad de Craciun v3.asm
       led_01_to_09_bucla   0x00011b    program     static C:\Users\mihai\OneDrive\Documente\####Proiecte finalizate\Brad de craciun\Cod\Cod versiunea 3\Brad de Craciun v3.asm
             led_01_to_10   0x0000a8    program     static C:\Users\mihai\OneDrive\Documente\####Proiecte finalizate\Brad de craciun\Cod\Cod versiunea 3\Brad de Craciun v3.asm
       led_01_to_10_bucla   0x0000a9    program     static C:\Users\mihai\OneDrive\Documente\####Proiecte finalizate\Brad de craciun\Cod\Cod versiunea 3\Brad de Craciun v3.asm
             led_01_to_11   0x0000ec    program     static C:\Users\mihai\OneDrive\Documente\####Proiecte finalizate\Brad de craciun\Cod\Cod versiunea 3\Brad de Craciun v3.asm
       led_01_to_11_bucla   0x0000ed    program     static C:\Users\mihai\OneDrive\Documente\####Proiecte finalizate\Brad de craciun\Cod\Cod versiunea 3\Brad de Craciun v3.asm
             led_01_to_12   0x0000c6    program     static C:\Users\mihai\OneDrive\Documente\####Proiecte finalizate\Brad de craciun\Cod\Cod versiunea 3\Brad de Craciun v3.asm
       led_01_to_12_bucla   0x0000c7    program     static C:\Users\mihai\OneDrive\Documente\####Proiecte finalizate\Brad de craciun\Cod\Cod versiunea 3\Brad de Craciun v3.asm
             led_01_to_13   0x00018e    program     static C:\Users\mihai\OneDrive\Documente\####Proiecte finalizate\Brad de craciun\Cod\Cod versiunea 3\Brad de Craciun v3.asm
       led_01_to_13_bucla   0x00018f    program     static C:\Users\mihai\OneDrive\Documente\####Proiecte finalizate\Brad de craciun\Cod\Cod versiunea 3\Brad de Craciun v3.asm
             led_01_to_14   0x0001d4    program     static C:\Users\mihai\OneDrive\Documente\####Proiecte finalizate\Brad de craciun\Cod\Cod versiunea 3\Brad de Craciun v3.asm
       led_01_to_14_bucla   0x0001d5    program     static C:\Users\mihai\OneDrive\Documente\####Proiecte finalizate\Brad de craciun\Cod\Cod versiunea 3\Brad de Craciun v3.asm
             led_01_to_15   0x0001b0    program     static C:\Users\mihai\OneDrive\Documente\####Proiecte finalizate\Brad de craciun\Cod\Cod versiunea 3\Brad de Craciun v3.asm
       led_01_to_15_bucla   0x0001b1    program     static C:\Users\mihai\OneDrive\Documente\####Proiecte finalizate\Brad de craciun\Cod\Cod versiunea 3\Brad de Craciun v3.asm
             led_01_to_16   0x0001fa    program     static C:\Users\mihai\OneDrive\Documente\####Proiecte finalizate\Brad de craciun\Cod\Cod versiunea 3\Brad de Craciun v3.asm
       led_01_to_16_bucla   0x0001fb    program     static C:\Users\mihai\OneDrive\Documente\####Proiecte finalizate\Brad de craciun\Cod\Cod versiunea 3\Brad de Craciun v3.asm
             led_01_to_17   0x000222    program     static C:\Users\mihai\OneDrive\Documente\####Proiecte finalizate\Brad de craciun\Cod\Cod versiunea 3\Brad de Craciun v3.asm
       led_01_to_17_bucla   0x000223    program     static C:\Users\mihai\OneDrive\Documente\####Proiecte finalizate\Brad de craciun\Cod\Cod versiunea 3\Brad de Craciun v3.asm
             led_01_to_18   0x00016e    program     static C:\Users\mihai\OneDrive\Documente\####Proiecte finalizate\Brad de craciun\Cod\Cod versiunea 3\Brad de Craciun v3.asm
       led_01_to_18_bucla   0x00016f    program     static C:\Users\mihai\OneDrive\Documente\####Proiecte finalizate\Brad de craciun\Cod\Cod versiunea 3\Brad de Craciun v3.asm
             led_01_to_19   0x000150    program     static C:\Users\mihai\OneDrive\Documente\####Proiecte finalizate\Brad de craciun\Cod\Cod versiunea 3\Brad de Craciun v3.asm
       led_01_to_19_bucla   0x000151    program     static C:\Users\mihai\OneDrive\Documente\####Proiecte finalizate\Brad de craciun\Cod\Cod versiunea 3\Brad de Craciun v3.asm
             led_01_to_20   0x00024c    program     static C:\Users\mihai\OneDrive\Documente\####Proiecte finalizate\Brad de craciun\Cod\Cod versiunea 3\Brad de Craciun v3.asm
       led_01_to_20_bucla   0x00024d    program     static C:\Users\mihai\OneDrive\Documente\####Proiecte finalizate\Brad de craciun\Cod\Cod versiunea 3\Brad de Craciun v3.asm
       led_uri_pwm_random   0x000060    program     static C:\Users\mihai\OneDrive\Documente\####Proiecte finalizate\Brad de craciun\Cod\Cod versiunea 3\Brad de Craciun v3.asm



                              Symbols - Sorted by Address
                     Name    Address   Location    Storage File                     
                ---------  ---------  ---------  --------- ---------                
               Initialize   0x000001    program     static C:\Users\mihai\OneDrive\Documente\####Proiecte finalizate\Brad de craciun\Cod\Cod versiunea 3\Brad de Craciun v3.asm
                    bucla   0x000013    program     static C:\Users\mihai\OneDrive\Documente\####Proiecte finalizate\Brad de craciun\Cod\Cod versiunea 3\Brad de Craciun v3.asm
       led_uri_pwm_random   0x000060    program     static C:\Users\mihai\OneDrive\Documente\####Proiecte finalizate\Brad de craciun\Cod\Cod versiunea 3\Brad de Craciun v3.asm
             led_01_to_01   0x000084    program     static C:\Users\mihai\OneDrive\Documente\####Proiecte finalizate\Brad de craciun\Cod\Cod versiunea 3\Brad de Craciun v3.asm
       led_01_to_01_bucla   0x000085    program     static C:\Users\mihai\OneDrive\Documente\####Proiecte finalizate\Brad de craciun\Cod\Cod versiunea 3\Brad de Craciun v3.asm
             led_01_to_02   0x00008a    program     static C:\Users\mihai\OneDrive\Documente\####Proiecte finalizate\Brad de craciun\Cod\Cod versiunea 3\Brad de Craciun v3.asm
       led_01_to_02_bucla   0x00008b    program     static C:\Users\mihai\OneDrive\Documente\####Proiecte finalizate\Brad de craciun\Cod\Cod versiunea 3\Brad de Craciun v3.asm
             led_01_to_08   0x000092    program     static C:\Users\mihai\OneDrive\Documente\####Proiecte finalizate\Brad de craciun\Cod\Cod versiunea 3\Brad de Craciun v3.asm
       led_01_to_08_bucla   0x000093    program     static C:\Users\mihai\OneDrive\Documente\####Proiecte finalizate\Brad de craciun\Cod\Cod versiunea 3\Brad de Craciun v3.asm
             led_01_to_04   0x00009c    program     static C:\Users\mihai\OneDrive\Documente\####Proiecte finalizate\Brad de craciun\Cod\Cod versiunea 3\Brad de Craciun v3.asm
       led_01_to_04_bucla   0x00009d    program     static C:\Users\mihai\OneDrive\Documente\####Proiecte finalizate\Brad de craciun\Cod\Cod versiunea 3\Brad de Craciun v3.asm
             led_01_to_10   0x0000a8    program     static C:\Users\mihai\OneDrive\Documente\####Proiecte finalizate\Brad de craciun\Cod\Cod versiunea 3\Brad de Craciun v3.asm
       led_01_to_10_bucla   0x0000a9    program     static C:\Users\mihai\OneDrive\Documente\####Proiecte finalizate\Brad de craciun\Cod\Cod versiunea 3\Brad de Craciun v3.asm
             led_01_to_06   0x0000b6    program     static C:\Users\mihai\OneDrive\Documente\####Proiecte finalizate\Brad de craciun\Cod\Cod versiunea 3\Brad de Craciun v3.asm
       led_01_to_06_bucla   0x0000b7    program     static C:\Users\mihai\OneDrive\Documente\####Proiecte finalizate\Brad de craciun\Cod\Cod versiunea 3\Brad de Craciun v3.asm
             led_01_to_12   0x0000c6    program     static C:\Users\mihai\OneDrive\Documente\####Proiecte finalizate\Brad de craciun\Cod\Cod versiunea 3\Brad de Craciun v3.asm
       led_01_to_12_bucla   0x0000c7    program     static C:\Users\mihai\OneDrive\Documente\####Proiecte finalizate\Brad de craciun\Cod\Cod versiunea 3\Brad de Craciun v3.asm
             led_01_to_05   0x0000d8    program     static C:\Users\mihai\OneDrive\Documente\####Proiecte finalizate\Brad de craciun\Cod\Cod versiunea 3\Brad de Craciun v3.asm
       led_01_to_05_bucla   0x0000d9    program     static C:\Users\mihai\OneDrive\Documente\####Proiecte finalizate\Brad de craciun\Cod\Cod versiunea 3\Brad de Craciun v3.asm
             led_01_to_11   0x0000ec    program     static C:\Users\mihai\OneDrive\Documente\####Proiecte finalizate\Brad de craciun\Cod\Cod versiunea 3\Brad de Craciun v3.asm
       led_01_to_11_bucla   0x0000ed    program     static C:\Users\mihai\OneDrive\Documente\####Proiecte finalizate\Brad de craciun\Cod\Cod versiunea 3\Brad de Craciun v3.asm
             led_01_to_03   0x000102    program     static C:\Users\mihai\OneDrive\Documente\####Proiecte finalizate\Brad de craciun\Cod\Cod versiunea 3\Brad de Craciun v3.asm
       led_01_to_03_bucla   0x000103    program     static C:\Users\mihai\OneDrive\Documente\####Proiecte finalizate\Brad de craciun\Cod\Cod versiunea 3\Brad de Craciun v3.asm
             led_01_to_09   0x00011a    program     static C:\Users\mihai\OneDrive\Documente\####Proiecte finalizate\Brad de craciun\Cod\Cod versiunea 3\Brad de Craciun v3.asm
       led_01_to_09_bucla   0x00011b    program     static C:\Users\mihai\OneDrive\Documente\####Proiecte finalizate\Brad de craciun\Cod\Cod versiunea 3\Brad de Craciun v3.asm
             led_01_to_07   0x000134    program     static C:\Users\mihai\OneDrive\Documente\####Proiecte finalizate\Brad de craciun\Cod\Cod versiunea 3\Brad de Craciun v3.asm
       led_01_to_07_bucla   0x000135    program     static C:\Users\mihai\OneDrive\Documente\####Proiecte finalizate\Brad de craciun\Cod\Cod versiunea 3\Brad de Craciun v3.asm
             led_01_to_19   0x000150    program     static C:\Users\mihai\OneDrive\Documente\####Proiecte finalizate\Brad de craciun\Cod\Cod versiunea 3\Brad de Craciun v3.asm
       led_01_to_19_bucla   0x000151    program     static C:\Users\mihai\OneDrive\Documente\####Proiecte finalizate\Brad de craciun\Cod\Cod versiunea 3\Brad de Craciun v3.asm
             led_01_to_18   0x00016e    program     static C:\Users\mihai\OneDrive\Documente\####Proiecte finalizate\Brad de craciun\Cod\Cod versiunea 3\Brad de Craciun v3.asm
       led_01_to_18_bucla   0x00016f    program     static C:\Users\mihai\OneDrive\Documente\####Proiecte finalizate\Brad de craciun\Cod\Cod versiunea 3\Brad de Craciun v3.asm
             led_01_to_13   0x00018e    program     static C:\Users\mihai\OneDrive\Documente\####Proiecte finalizate\Brad de craciun\Cod\Cod versiunea 3\Brad de Craciun v3.asm
       led_01_to_13_bucla   0x00018f    program     static C:\Users\mihai\OneDrive\Documente\####Proiecte finalizate\Brad de craciun\Cod\Cod versiunea 3\Brad de Craciun v3.asm
             led_01_to_15   0x0001b0    program     static C:\Users\mihai\OneDrive\Documente\####Proiecte finalizate\Brad de craciun\Cod\Cod versiunea 3\Brad de Craciun v3.asm
       led_01_to_15_bucla   0x0001b1    program     static C:\Users\mihai\OneDrive\Documente\####Proiecte finalizate\Brad de craciun\Cod\Cod versiunea 3\Brad de Craciun v3.asm
             led_01_to_14   0x0001d4    program     static C:\Users\mihai\OneDrive\Documente\####Proiecte finalizate\Brad de craciun\Cod\Cod versiunea 3\Brad de Craciun v3.asm
       led_01_to_14_bucla   0x0001d5    program     static C:\Users\mihai\OneDrive\Documente\####Proiecte finalizate\Brad de craciun\Cod\Cod versiunea 3\Brad de Craciun v3.asm
             led_01_to_16   0x0001fa    program     static C:\Users\mihai\OneDrive\Documente\####Proiecte finalizate\Brad de craciun\Cod\Cod versiunea 3\Brad de Craciun v3.asm
       led_01_to_16_bucla   0x0001fb    program     static C:\Users\mihai\OneDrive\Documente\####Proiecte finalizate\Brad de craciun\Cod\Cod versiunea 3\Brad de Craciun v3.asm
             led_01_to_17   0x000222    program     static C:\Users\mihai\OneDrive\Documente\####Proiecte finalizate\Brad de craciun\Cod\Cod versiunea 3\Brad de Craciun v3.asm
       led_01_to_17_bucla   0x000223    program     static C:\Users\mihai\OneDrive\Documente\####Proiecte finalizate\Brad de craciun\Cod\Cod versiunea 3\Brad de Craciun v3.asm
             led_01_to_20   0x00024c    program     static C:\Users\mihai\OneDrive\Documente\####Proiecte finalizate\Brad de craciun\Cod\Cod versiunea 3\Brad de Craciun v3.asm
       led_01_to_20_bucla   0x00024d    program     static C:\Users\mihai\OneDrive\Documente\####Proiecte finalizate\Brad de craciun\Cod\Cod versiunea 3\Brad de Craciun v3.asm
             Bucla_random   0x000278    program     static C:\Users\mihai\OneDrive\Documente\####Proiecte finalizate\Brad de craciun\Cod\Cod versiunea 3\Brad de Craciun v3.asm
            executa_bucla   0x0002a0    program     static C:\Users\mihai\OneDrive\Documente\####Proiecte finalizate\Brad de craciun\Cod\Cod versiunea 3\Brad de Craciun v3.asm
                  Led_off   0x0002a3    program     static C:\Users\mihai\OneDrive\Documente\####Proiecte finalizate\Brad de craciun\Cod\Cod versiunea 3\Brad de Craciun v3.asm
                   Led_01   0x0002aa    program     static C:\Users\mihai\OneDrive\Documente\####Proiecte finalizate\Brad de craciun\Cod\Cod versiunea 3\Brad de Craciun v3.asm
                   Led_02   0x0002b1    program     static C:\Users\mihai\OneDrive\Documente\####Proiecte finalizate\Brad de craciun\Cod\Cod versiunea 3\Brad de Craciun v3.asm
                   Led_03   0x0002b8    program     static C:\Users\mihai\OneDrive\Documente\####Proiecte finalizate\Brad de craciun\Cod\Cod versiunea 3\Brad de Craciun v3.asm
                   Led_04   0x0002bf    program     static C:\Users\mihai\OneDrive\Documente\####Proiecte finalizate\Brad de craciun\Cod\Cod versiunea 3\Brad de Craciun v3.asm
                   Led_05   0x0002c6    program     static C:\Users\mihai\OneDrive\Documente\####Proiecte finalizate\Brad de craciun\Cod\Cod versiunea 3\Brad de Craciun v3.asm
                   Led_06   0x0002cd    program     static C:\Users\mihai\OneDrive\Documente\####Proiecte finalizate\Brad de craciun\Cod\Cod versiunea 3\Brad de Craciun v3.asm
                   Led_07   0x0002d4    program     static C:\Users\mihai\OneDrive\Documente\####Proiecte finalizate\Brad de craciun\Cod\Cod versiunea 3\Brad de Craciun v3.asm
                   Led_08   0x0002db    program     static C:\Users\mihai\OneDrive\Documente\####Proiecte finalizate\Brad de craciun\Cod\Cod versiunea 3\Brad de Craciun v3.asm
                   Led_09   0x0002e2    program     static C:\Users\mihai\OneDrive\Documente\####Proiecte finalizate\Brad de craciun\Cod\Cod versiunea 3\Brad de Craciun v3.asm
                   Led_10   0x0002e9    program     static C:\Users\mihai\OneDrive\Documente\####Proiecte finalizate\Brad de craciun\Cod\Cod versiunea 3\Brad de Craciun v3.asm
                   Led_11   0x0002f0    program     static C:\Users\mihai\OneDrive\Documente\####Proiecte finalizate\Brad de craciun\Cod\Cod versiunea 3\Brad de Craciun v3.asm
                   Led_12   0x0002f7    program     static C:\Users\mihai\OneDrive\Documente\####Proiecte finalizate\Brad de craciun\Cod\Cod versiunea 3\Brad de Craciun v3.asm
                   Led_13   0x0002fe    program     static C:\Users\mihai\OneDrive\Documente\####Proiecte finalizate\Brad de craciun\Cod\Cod versiunea 3\Brad de Craciun v3.asm
                   Led_14   0x000305    program     static C:\Users\mihai\OneDrive\Documente\####Proiecte finalizate\Brad de craciun\Cod\Cod versiunea 3\Brad de Craciun v3.asm
                   Led_15   0x00030c    program     static C:\Users\mihai\OneDrive\Documente\####Proiecte finalizate\Brad de craciun\Cod\Cod versiunea 3\Brad de Craciun v3.asm
                   Led_16   0x000313    program     static C:\Users\mihai\OneDrive\Documente\####Proiecte finalizate\Brad de craciun\Cod\Cod versiunea 3\Brad de Craciun v3.asm
                   Led_17   0x00031a    program     static C:\Users\mihai\OneDrive\Documente\####Proiecte finalizate\Brad de craciun\Cod\Cod versiunea 3\Brad de Craciun v3.asm
                   Led_18   0x000321    program     static C:\Users\mihai\OneDrive\Documente\####Proiecte finalizate\Brad de craciun\Cod\Cod versiunea 3\Brad de Craciun v3.asm
                   Led_19   0x000328    program     static C:\Users\mihai\OneDrive\Documente\####Proiecte finalizate\Brad de craciun\Cod\Cod versiunea 3\Brad de Craciun v3.asm
                   Led_20   0x00032f    program     static C:\Users\mihai\OneDrive\Documente\####Proiecte finalizate\Brad de craciun\Cod\Cod versiunea 3\Brad de Craciun v3.asm
          LOOP_PWM_led_01   0x000336    program     static C:\Users\mihai\OneDrive\Documente\####Proiecte finalizate\Brad de craciun\Cod\Cod versiunea 3\Brad de Craciun v3.asm
          INT_LOOP_led_01   0x000339    program     static C:\Users\mihai\OneDrive\Documente\####Proiecte finalizate\Brad de craciun\Cod\Cod versiunea 3\Brad de Craciun v3.asm
             _.org_0_033C   0x00033c    program     static C:\Users\mihai\OneDrive\Documente\####Proiecte finalizate\Brad de craciun\Cod\Cod versiunea 3\Brad de Craciun v3.asm
    DEC_BRIGHTNESS_led_01   0x000346    program     static C:\Users\mihai\OneDrive\Documente\####Proiecte finalizate\Brad de craciun\Cod\Cod versiunea 3\Brad de Craciun v3.asm
        TOGGLE_DIR_led_01   0x00034b    program     static C:\Users\mihai\OneDrive\Documente\####Proiecte finalizate\Brad de craciun\Cod\Cod versiunea 3\Brad de Craciun v3.asm
           SET_DIR_led_01   0x00034f    program     static C:\Users\mihai\OneDrive\Documente\####Proiecte finalizate\Brad de craciun\Cod\Cod versiunea 3\Brad de Craciun v3.asm
          LOOP_PWM_led_03   0x000351    program     static C:\Users\mihai\OneDrive\Documente\####Proiecte finalizate\Brad de craciun\Cod\Cod versiunea 3\Brad de Craciun v3.asm
          INT_LOOP_led_03   0x000354    program     static C:\Users\mihai\OneDrive\Documente\####Proiecte finalizate\Brad de craciun\Cod\Cod versiunea 3\Brad de Craciun v3.asm
             _.org_0_0357   0x000357    program     static C:\Users\mihai\OneDrive\Documente\####Proiecte finalizate\Brad de craciun\Cod\Cod versiunea 3\Brad de Craciun v3.asm
    DEC_BRIGHTNESS_led_03   0x000361    program     static C:\Users\mihai\OneDrive\Documente\####Proiecte finalizate\Brad de craciun\Cod\Cod versiunea 3\Brad de Craciun v3.asm
        TOGGLE_DIR_led_03   0x000366    program     static C:\Users\mihai\OneDrive\Documente\####Proiecte finalizate\Brad de craciun\Cod\Cod versiunea 3\Brad de Craciun v3.asm
           SET_DIR_led_03   0x00036a    program     static C:\Users\mihai\OneDrive\Documente\####Proiecte finalizate\Brad de craciun\Cod\Cod versiunea 3\Brad de Craciun v3.asm
          LOOP_PWM_led_10   0x00036c    program     static C:\Users\mihai\OneDrive\Documente\####Proiecte finalizate\Brad de craciun\Cod\Cod versiunea 3\Brad de Craciun v3.asm
          INT_LOOP_led_10   0x00036f    program     static C:\Users\mihai\OneDrive\Documente\####Proiecte finalizate\Brad de craciun\Cod\Cod versiunea 3\Brad de Craciun v3.asm
             _.org_0_0372   0x000372    program     static C:\Users\mihai\OneDrive\Documente\####Proiecte finalizate\Brad de craciun\Cod\Cod versiunea 3\Brad de Craciun v3.asm
    DEC_BRIGHTNESS_led_10   0x00037c    program     static C:\Users\mihai\OneDrive\Documente\####Proiecte finalizate\Brad de craciun\Cod\Cod versiunea 3\Brad de Craciun v3.asm
        TOGGLE_DIR_led_10   0x000381    program     static C:\Users\mihai\OneDrive\Documente\####Proiecte finalizate\Brad de craciun\Cod\Cod versiunea 3\Brad de Craciun v3.asm
           SET_DIR_led_10   0x000385    program     static C:\Users\mihai\OneDrive\Documente\####Proiecte finalizate\Brad de craciun\Cod\Cod versiunea 3\Brad de Craciun v3.asm
          LOOP_PWM_led_16   0x000387    program     static C:\Users\mihai\OneDrive\Documente\####Proiecte finalizate\Brad de craciun\Cod\Cod versiunea 3\Brad de Craciun v3.asm
          INT_LOOP_led_16   0x00038a    program     static C:\Users\mihai\OneDrive\Documente\####Proiecte finalizate\Brad de craciun\Cod\Cod versiunea 3\Brad de Craciun v3.asm
             _.org_0_038D   0x00038d    program     static C:\Users\mihai\OneDrive\Documente\####Proiecte finalizate\Brad de craciun\Cod\Cod versiunea 3\Brad de Craciun v3.asm
    DEC_BRIGHTNESS_led_16   0x000397    program     static C:\Users\mihai\OneDrive\Documente\####Proiecte finalizate\Brad de craciun\Cod\Cod versiunea 3\Brad de Craciun v3.asm
        TOGGLE_DIR_led_16   0x00039c    program     static C:\Users\mihai\OneDrive\Documente\####Proiecte finalizate\Brad de craciun\Cod\Cod versiunea 3\Brad de Craciun v3.asm
           SET_DIR_led_16   0x0003a0    program     static C:\Users\mihai\OneDrive\Documente\####Proiecte finalizate\Brad de craciun\Cod\Cod versiunea 3\Brad de Craciun v3.asm
          LOOP_PWM_led_07   0x0003a2    program     static C:\Users\mihai\OneDrive\Documente\####Proiecte finalizate\Brad de craciun\Cod\Cod versiunea 3\Brad de Craciun v3.asm
          INT_LOOP_led_07   0x0003a5    program     static C:\Users\mihai\OneDrive\Documente\####Proiecte finalizate\Brad de craciun\Cod\Cod versiunea 3\Brad de Craciun v3.asm
             _.org_0_03A8   0x0003a8    program     static C:\Users\mihai\OneDrive\Documente\####Proiecte finalizate\Brad de craciun\Cod\Cod versiunea 3\Brad de Craciun v3.asm
    DEC_BRIGHTNESS_led_07   0x0003b2    program     static C:\Users\mihai\OneDrive\Documente\####Proiecte finalizate\Brad de craciun\Cod\Cod versiunea 3\Brad de Craciun v3.asm
        TOGGLE_DIR_led_07   0x0003b7    program     static C:\Users\mihai\OneDrive\Documente\####Proiecte finalizate\Brad de craciun\Cod\Cod versiunea 3\Brad de Craciun v3.asm
           SET_DIR_led_07   0x0003bb    program     static C:\Users\mihai\OneDrive\Documente\####Proiecte finalizate\Brad de craciun\Cod\Cod versiunea 3\Brad de Craciun v3.asm
                DELAY_led   0x0003bd    program     static C:\Users\mihai\OneDrive\Documente\####Proiecte finalizate\Brad de craciun\Cod\Cod versiunea 3\Brad de Craciun v3.asm
           DELAY_LOOP_led   0x0003bf    program     static C:\Users\mihai\OneDrive\Documente\####Proiecte finalizate\Brad de craciun\Cod\Cod versiunea 3\Brad de Craciun v3.asm
                Delay_1ms   0x0003c2    program     static C:\Users\mihai\OneDrive\Documente\####Proiecte finalizate\Brad de craciun\Cod\Cod versiunea 3\Brad de Craciun v3.asm
                Delay_001   0x0003c6    program     static C:\Users\mihai\OneDrive\Documente\####Proiecte finalizate\Brad de craciun\Cod\Cod versiunea 3\Brad de Craciun v3.asm
             _.org_0_03C7   0x0003c7    program     static C:\Users\mihai\OneDrive\Documente\####Proiecte finalizate\Brad de craciun\Cod\Cod versiunea 3\Brad de Craciun v3.asm
             _.org_0_03CA   0x0003ca    program     static C:\Users\mihai\OneDrive\Documente\####Proiecte finalizate\Brad de craciun\Cod\Cod versiunea 3\Brad de Craciun v3.asm
               Delay_10ms   0x0003cd    program     static C:\Users\mihai\OneDrive\Documente\####Proiecte finalizate\Brad de craciun\Cod\Cod versiunea 3\Brad de Craciun v3.asm
                Delay_010   0x0003d1    program     static C:\Users\mihai\OneDrive\Documente\####Proiecte finalizate\Brad de craciun\Cod\Cod versiunea 3\Brad de Craciun v3.asm
             _.org_0_03D2   0x0003d2    program     static C:\Users\mihai\OneDrive\Documente\####Proiecte finalizate\Brad de craciun\Cod\Cod versiunea 3\Brad de Craciun v3.asm
             _.org_0_03D5   0x0003d5    program     static C:\Users\mihai\OneDrive\Documente\####Proiecte finalizate\Brad de craciun\Cod\Cod versiunea 3\Brad de Craciun v3.asm
              Delay_100ms   0x0003d8    program     static C:\Users\mihai\OneDrive\Documente\####Proiecte finalizate\Brad de craciun\Cod\Cod versiunea 3\Brad de Craciun v3.asm
               Delay_0100   0x0003dc    program     static C:\Users\mihai\OneDrive\Documente\####Proiecte finalizate\Brad de craciun\Cod\Cod versiunea 3\Brad de Craciun v3.asm
             _.org_0_03DD   0x0003dd    program     static C:\Users\mihai\OneDrive\Documente\####Proiecte finalizate\Brad de craciun\Cod\Cod versiunea 3\Brad de Craciun v3.asm
             _.org_0_03E0   0x0003e0    program     static C:\Users\mihai\OneDrive\Documente\####Proiecte finalizate\Brad de craciun\Cod\Cod versiunea 3\Brad de Craciun v3.asm
              Delay_500ms   0x0003e3    program     static C:\Users\mihai\OneDrive\Documente\####Proiecte finalizate\Brad de craciun\Cod\Cod versiunea 3\Brad de Craciun v3.asm
               Delay_0500   0x0003e9    program     static C:\Users\mihai\OneDrive\Documente\####Proiecte finalizate\Brad de craciun\Cod\Cod versiunea 3\Brad de Craciun v3.asm
             _.org_0_03EA   0x0003ea    program     static C:\Users\mihai\OneDrive\Documente\####Proiecte finalizate\Brad de craciun\Cod\Cod versiunea 3\Brad de Craciun v3.asm
             _.org_0_03EC   0x0003ec    program     static C:\Users\mihai\OneDrive\Documente\####Proiecte finalizate\Brad de craciun\Cod\Cod versiunea 3\Brad de Craciun v3.asm
             _.org_0_03EF   0x0003ef    program     static C:\Users\mihai\OneDrive\Documente\####Proiecte finalizate\Brad de craciun\Cod\Cod versiunea 3\Brad de Craciun v3.asm


